Archive member included to satisfy reference by file (symbol)

/usr/lib/gcc/arm-none-eabi/9.2.1/../../../arm-none-eabi/lib/thumb/v7e-m+fp/hard/libc_nano.a(lib_a-atexit.o)
                              /usr/lib/gcc/arm-none-eabi/9.2.1/../../../arm-none-eabi/lib/thumb/v7e-m+fp/hard/crt0.o (atexit)
/usr/lib/gcc/arm-none-eabi/9.2.1/../../../arm-none-eabi/lib/thumb/v7e-m+fp/hard/libc_nano.a(lib_a-ctype_.o)
                              build/lexer.o (_ctype_)
/usr/lib/gcc/arm-none-eabi/9.2.1/../../../arm-none-eabi/lib/thumb/v7e-m+fp/hard/libc_nano.a(lib_a-exit.o)
                              /usr/lib/gcc/arm-none-eabi/9.2.1/../../../arm-none-eabi/lib/thumb/v7e-m+fp/hard/crt0.o (exit)
/usr/lib/gcc/arm-none-eabi/9.2.1/../../../arm-none-eabi/lib/thumb/v7e-m+fp/hard/libc_nano.a(lib_a-fini.o)
                              /usr/lib/gcc/arm-none-eabi/9.2.1/../../../arm-none-eabi/lib/thumb/v7e-m+fp/hard/crt0.o (__libc_fini_array)
/usr/lib/gcc/arm-none-eabi/9.2.1/../../../arm-none-eabi/lib/thumb/v7e-m+fp/hard/libc_nano.a(lib_a-impure.o)
                              /usr/lib/gcc/arm-none-eabi/9.2.1/../../../arm-none-eabi/lib/thumb/v7e-m+fp/hard/libc_nano.a(lib_a-exit.o) (_global_impure_ptr)
/usr/lib/gcc/arm-none-eabi/9.2.1/../../../arm-none-eabi/lib/thumb/v7e-m+fp/hard/libc_nano.a(lib_a-init.o)
                              /usr/lib/gcc/arm-none-eabi/9.2.1/../../../arm-none-eabi/lib/thumb/v7e-m+fp/hard/crt0.o (__libc_init_array)
/usr/lib/gcc/arm-none-eabi/9.2.1/../../../arm-none-eabi/lib/thumb/v7e-m+fp/hard/libc_nano.a(lib_a-memcpy.o)
                              build/usbd_cdc_if.o (memcpy)
/usr/lib/gcc/arm-none-eabi/9.2.1/../../../arm-none-eabi/lib/thumb/v7e-m+fp/hard/libc_nano.a(lib_a-memmove.o)
                              build/parser.o (memmove)
/usr/lib/gcc/arm-none-eabi/9.2.1/../../../arm-none-eabi/lib/thumb/v7e-m+fp/hard/libc_nano.a(lib_a-memset.o)
                              /usr/lib/gcc/arm-none-eabi/9.2.1/../../../arm-none-eabi/lib/thumb/v7e-m+fp/hard/crt0.o (memset)
/usr/lib/gcc/arm-none-eabi/9.2.1/../../../arm-none-eabi/lib/thumb/v7e-m+fp/hard/libc_nano.a(lib_a-nano-vfprintf_float.o)
                              (_printf_float)
/usr/lib/gcc/arm-none-eabi/9.2.1/../../../arm-none-eabi/lib/thumb/v7e-m+fp/hard/libc_nano.a(lib_a-nano-vfprintf_i.o)
                              /usr/lib/gcc/arm-none-eabi/9.2.1/../../../arm-none-eabi/lib/thumb/v7e-m+fp/hard/libc_nano.a(lib_a-nano-vfprintf_float.o) (_printf_common)
/usr/lib/gcc/arm-none-eabi/9.2.1/../../../arm-none-eabi/lib/thumb/v7e-m+fp/hard/libc_nano.a(lib_a-s_frexp.o)
                              build/utils.o (frexp)
/usr/lib/gcc/arm-none-eabi/9.2.1/../../../arm-none-eabi/lib/thumb/v7e-m+fp/hard/libc_nano.a(lib_a-s_modf.o)
                              build/utils.o (modf)
/usr/lib/gcc/arm-none-eabi/9.2.1/../../../arm-none-eabi/lib/thumb/v7e-m+fp/hard/libc_nano.a(lib_a-snprintf.o)
                              build/utils.o (snprintf)
/usr/lib/gcc/arm-none-eabi/9.2.1/../../../arm-none-eabi/lib/thumb/v7e-m+fp/hard/libc_nano.a(lib_a-sprintf.o)
                              build/scpi-com.o (sprintf)
/usr/lib/gcc/arm-none-eabi/9.2.1/../../../arm-none-eabi/lib/thumb/v7e-m+fp/hard/libc_nano.a(lib_a-strcpy.o)
                              build/scpi-com.o (strcpy)
/usr/lib/gcc/arm-none-eabi/9.2.1/../../../arm-none-eabi/lib/thumb/v7e-m+fp/hard/libc_nano.a(lib_a-strlen.o)
                              build/ieee488.o (strlen)
/usr/lib/gcc/arm-none-eabi/9.2.1/../../../arm-none-eabi/lib/thumb/v7e-m+fp/hard/libc_nano.a(lib_a-strncasecmp.o)
                              build/utils.o (strncasecmp)
/usr/lib/gcc/arm-none-eabi/9.2.1/../../../arm-none-eabi/lib/thumb/v7e-m+fp/hard/libc_nano.a(lib_a-strncat.o)
                              build/units.o (strncat)
/usr/lib/gcc/arm-none-eabi/9.2.1/../../../arm-none-eabi/lib/thumb/v7e-m+fp/hard/libc_nano.a(lib_a-strncpy.o)
                              build/units.o (strncpy)
/usr/lib/gcc/arm-none-eabi/9.2.1/../../../arm-none-eabi/lib/thumb/v7e-m+fp/hard/libc_nano.a(lib_a-strnlen.o)
                              build/units.o (strnlen)
/usr/lib/gcc/arm-none-eabi/9.2.1/../../../arm-none-eabi/lib/thumb/v7e-m+fp/hard/libc_nano.a(lib_a-strtod.o)
                              build/utils.o (strtod)
/usr/lib/gcc/arm-none-eabi/9.2.1/../../../arm-none-eabi/lib/thumb/v7e-m+fp/hard/libc_nano.a(lib_a-strtol.o)
                              build/utils.o (strtol)
/usr/lib/gcc/arm-none-eabi/9.2.1/../../../arm-none-eabi/lib/thumb/v7e-m+fp/hard/libc_nano.a(lib_a-strtoll.o)
                              build/utils.o (strtoll)
/usr/lib/gcc/arm-none-eabi/9.2.1/../../../arm-none-eabi/lib/thumb/v7e-m+fp/hard/libc_nano.a(lib_a-strtoul.o)
                              build/utils.o (strtoul)
/usr/lib/gcc/arm-none-eabi/9.2.1/../../../arm-none-eabi/lib/thumb/v7e-m+fp/hard/libc_nano.a(lib_a-strtoull.o)
                              build/utils.o (strtoull)
[...]
Memory Configuration

Name             Origin             Length             Attributes
RAM              0x0000000020000000 0x0000000000020000 xrw
FLASH            0x0000000008000000 0x0000000000020000 xr
*default*        0x0000000000000000 0xffffffffffffffff

Linker script and memory map

LOAD /usr/lib/gcc/arm-none-eabi/9.2.1/thumb/v7e-m+fp/hard/crti.o
LOAD /usr/lib/gcc/arm-none-eabi/9.2.1/thumb/v7e-m+fp/hard/crtbegin.o
LOAD /usr/lib/gcc/arm-none-eabi/9.2.1/../../../arm-none-eabi/lib/thumb/v7e-m+fp/hard/crt0.o
LOAD build/main.o
LOAD build/stm32g4xx_it.o
LOAD build/stm32g4xx_hal_msp.o
LOAD build/stm32g4xx_ll_utils.o
LOAD build/stm32g4xx_ll_exti.o
LOAD build/stm32g4xx_hal_gpio.o
LOAD build/stm32g4xx_hal_adc.o
LOAD build/stm32g4xx_hal_adc_ex.o
LOAD build/stm32g4xx_ll_adc.o
LOAD build/stm32g4xx_hal.o
LOAD build/stm32g4xx_hal_rcc.o
LOAD build/stm32g4xx_hal_rcc_ex.o
LOAD build/stm32g4xx_hal_flash.o
LOAD build/stm32g4xx_hal_flash_ex.o
LOAD build/stm32g4xx_hal_flash_ramfunc.o
LOAD build/stm32g4xx_hal_exti.o
LOAD build/stm32g4xx_hal_dma.o
LOAD build/stm32g4xx_hal_dma_ex.o
LOAD build/stm32g4xx_hal_pwr.o
LOAD build/stm32g4xx_hal_pwr_ex.o
LOAD build/stm32g4xx_hal_cortex.o
LOAD build/stm32g4xx_hal_comp.o
LOAD build/stm32g4xx_hal_dac.o
LOAD build/stm32g4xx_hal_dac_ex.o
LOAD build/stm32g4xx_hal_hrtim.o
LOAD build/stm32g4xx_hal_i2c.o
LOAD build/stm32g4xx_hal_i2c_ex.o
LOAD build/stm32g4xx_hal_opamp.o
LOAD build/stm32g4xx_hal_opamp_ex.o
LOAD build/stm32g4xx_hal_tim.o
LOAD build/stm32g4xx_hal_tim_ex.o
LOAD build/stm32g4xx_ll_pwr.o
LOAD build/stm32g4xx_ll_ucpd.o
LOAD build/stm32g4xx_ll_gpio.o
LOAD build/stm32g4xx_ll_dma.o
LOAD build/stm32g4xx_hal_pcd.o
LOAD build/stm32g4xx_hal_pcd_ex.o
LOAD build/stm32g4xx_ll_usb.o
LOAD build/usbd_cdc.o
LOAD build/usbd_core.o
LOAD build/usbd_ctlreq.o
LOAD build/usbd_ioreq.o
LOAD build/usbd_cdc_if.o
LOAD build/usb_device.o
LOAD build/usbd_conf.o
LOAD build/usbd_desc.o
LOAD build/scpi-def.o
LOAD build/scpi-com.o
LOAD build/error.o
LOAD build/expression.o
LOAD build/fifo.o
LOAD build/ieee488.o
LOAD build/lexer.o
LOAD build/minimal.o
LOAD build/parser.o
LOAD build/units.o
LOAD build/utils.o
LOAD build/system_stm32g4xx.o
LOAD build/startup_stm32g474xx.o
LOAD /usr/lib/gcc/arm-none-eabi/9.2.1/../../../arm-none-eabi/lib/thumb/v7e-m+fp/hard/libc_nano.a
LOAD /usr/lib/gcc/arm-none-eabi/9.2.1/../../../arm-none-eabi/lib/thumb/v7e-m+fp/hard/libm.a
LOAD /usr/lib/gcc/arm-none-eabi/9.2.1/../../../arm-none-eabi/lib/thumb/v7e-m+fp/hard/libnosys.a
START GROUP
LOAD /usr/lib/gcc/arm-none-eabi/9.2.1/thumb/v7e-m+fp/hard/libgcc.a
LOAD /usr/lib/gcc/arm-none-eabi/9.2.1/../../../arm-none-eabi/lib/thumb/v7e-m+fp/hard/libc_nano.a
END GROUP
START GROUP
LOAD /usr/lib/gcc/arm-none-eabi/9.2.1/thumb/v7e-m+fp/hard/libgcc.a
LOAD /usr/lib/gcc/arm-none-eabi/9.2.1/../../../arm-none-eabi/lib/thumb/v7e-m+fp/hard/libc_nano.a
END GROUP
LOAD /usr/lib/gcc/arm-none-eabi/9.2.1/thumb/v7e-m+fp/hard/crtend.o
LOAD /usr/lib/gcc/arm-none-eabi/9.2.1/thumb/v7e-m+fp/hard/crtn.o
                0x0000000020020000                _estack = 0x20020000
                0x0000000000000200                _Min_Heap_Size = 0x200
                0x0000000000000400                _Min_Stack_Size = 0x400

.isr_vector     0x0000000008000000      0x1d8
                0x0000000008000000                . = ALIGN (0x4)
 *(.isr_vector)
 .isr_vector    0x0000000008000000      0x1d8 build/startup_stm32g474xx.o
                0x0000000008000000                g_pfnVectors
                0x00000000080001d8                . = ALIGN (0x4)

.text           0x0000000008000200     0xe4e8
                0x0000000008000200                . = ALIGN (0x4)
 *(.text)
 .text          0x0000000008000200       0x88 /usr/lib/gcc/arm-none-eabi/9.2.1/thumb/v7e-m+fp/hard/crtbegin.o
 .text          0x0000000008000288       0x48 /usr/lib/gcc/arm-none-eabi/9.2.1/../../../arm-none-eabi/lib/thumb/v7e-m+fp/hard/libc_nano.a(lib_a-init.o)
                0x0000000008000288                __libc_init_array
 .text          0x00000000080002d0      0x134 /usr/lib/gcc/arm-none-eabi/9.2.1/../../../arm-none-eabi/lib/thumb/v7e-m+fp/hard/libc_nano.a(lib_a-memcpy.o)
                0x00000000080002d0                memcpy
 .text          0x0000000008000404       0xd0 /usr/lib/gcc/arm-none-eabi/9.2.1/../../../arm-none-eabi/lib/thumb/v7e-m+fp/hard/libc_nano.a(lib_a-memmove.o)
                0x0000000008000404                memmove
 .text          0x00000000080004d4       0xa0 /usr/lib/gcc/arm-none-eabi/9.2.1/../../../arm-none-eabi/lib/thumb/v7e-m+fp/hard/libc_nano.a(lib_a-memset.o)
                0x00000000080004d4                memset
 .text          0x0000000008000574      0x6b8 /usr/lib/gcc/arm-none-eabi/9.2.1/../../../arm-none-eabi/lib/thumb/v7e-m+fp/hard/libc_nano.a(lib_a-nano-vfprintf_float.o)
                0x0000000008000574                __cvt
                0x0000000008000670                __exponent
                0x00000000080006fc                _printf_float
 .text          0x0000000008000c2c      0x3c4 /usr/lib/gcc/arm-none-eabi/9.2.1/../../../arm-none-eabi/lib/thumb/v7e-m+fp/hard/libc_nano.a(lib_a-nano-vfprintf_i.o)
                0x0000000008000c2c                _printf_common
                0x0000000008000d58                _printf_i
 .text          0x0000000008000ff0      0x110 /usr/lib/gcc/arm-none-eabi/9.2.1/../../../arm-none-eabi/lib/thumb/v7e-m+fp/hard/libc_nano.a(lib_a-snprintf.o)
                0x0000000008000ff0                _sniprintf_r
                0x0000000008000ff0                _snprintf_r
                0x0000000008001074                snprintf
                0x0000000008001074                sniprintf
 .text          0x0000000008001100       0x80 /usr/lib/gcc/arm-none-eabi/9.2.1/../../../arm-none-eabi/lib/thumb/v7e-m+fp/hard/libc_nano.a(lib_a-sprintf.o)
                0x0000000008001100                _siprintf_r
                0x0000000008001100                _sprintf_r
                0x000000000800113c                sprintf
                0x000000000800113c                siprintf
 .text          0x0000000008001180       0xbc /usr/lib/gcc/arm-none-eabi/9.2.1/../../../arm-none-eabi/lib/thumb/v7e-m+fp/hard/libc_nano.a(lib_a-strcpy.o)
                0x0000000008001180                strcpy
 *fill*         0x000000000800123c        0x4 
 .text          0x0000000008001240       0xdc /usr/lib/gcc/arm-none-eabi/9.2.1/../../../arm-none-eabi/lib/thumb/v7e-m+fp/hard/libc_nano.a(lib_a-strlen.o)
                0x0000000008001240                strlen
 .text          0x000000000800131c       0x58 /usr/lib/gcc/arm-none-eabi/9.2.1/../../../arm-none-eabi/lib/thumb/v7e-m+fp/hard/libc_nano.a(lib_a-strncasecmp.o)
                0x000000000800131c                strncasecmp
 .text          0x0000000008001374       0x44 /usr/lib/gcc/arm-none-eabi/9.2.1/../../../arm-none-eabi/lib/thumb/v7e-m+fp/hard/libc_nano.a(lib_a-strnlen.o)
                0x0000000008001374                strnlen
 .text          0x00000000080013b8     0x111c /usr/lib/gcc/arm-none-eabi/9.2.1/../../../arm-none-eabi/lib/thumb/v7e-m+fp/hard/libc_nano.a(lib_a-strtod.o)
                0x00000000080013f0                _strtod_l
                0x0000000008002328                _strtod_r
                0x0000000008002334                strtod_l
                0x000000000800234c                strtod
                0x0000000008002368                strtof_l
                0x000000000800241c                strtof
 .text          0x00000000080024d4      0x168 /usr/lib/gcc/arm-none-eabi/9.2.1/../../../arm-none-eabi/lib/thumb/v7e-m+fp/hard/libc_nano.a(lib_a-strtol.o)
                0x0000000008002608                _strtol_r
                0x000000000800260c                strtol_l
                0x0000000008002624                strtol
 .text          0x000000000800263c      0x174 /usr/lib/gcc/arm-none-eabi/9.2.1/../../../arm-none-eabi/lib/thumb/v7e-m+fp/hard/libc_nano.a(lib_a-strtoul.o)
                0x000000000800277c                _strtoul_r
                0x0000000008002780                strtoul_l
                0x0000000008002798                strtoul
 .text          0x00000000080027b0      0xffc /usr/lib/gcc/arm-none-eabi/9.2.1/../../../arm-none-eabi/lib/thumb/v7e-m+fp/hard/libc_nano.a(lib_a-dtoa.o)
                0x00000000080028d4                _dtoa_r
 .text          0x00000000080037ac        0xc /usr/lib/gcc/arm-none-eabi/9.2.1/../../../arm-none-eabi/lib/thumb/v7e-m+fp/hard/libc_nano.a(lib_a-errno.o)
                0x00000000080037ac                __errno
 .text          0x00000000080037b8      0x600 /usr/lib/gcc/arm-none-eabi/9.2.1/../../../arm-none-eabi/lib/thumb/v7e-m+fp/hard/libc_nano.a(lib_a-gdtoa-gethex.o)
                0x0000000008003858                __gethex
 .text          0x0000000008003db8      0x1cc /usr/lib/gcc/arm-none-eabi/9.2.1/../../../arm-none-eabi/lib/thumb/v7e-m+fp/hard/libc_nano.a(lib_a-gdtoa-hexnan.o)
                0x0000000008003db8                __match
                0x0000000008003de8                __hexnan
 .text          0x0000000008003f84       0x14 /usr/lib/gcc/arm-none-eabi/9.2.1/../../../arm-none-eabi/lib/thumb/v7e-m+fp/hard/libc_nano.a(lib_a-localeconv.o)
                0x0000000008003f84                __localeconv_l
                0x0000000008003f88                _localeconv_r
                0x0000000008003f90                localeconv
 .text          0x0000000008003f98       0x20 /usr/lib/gcc/arm-none-eabi/9.2.1/../../../arm-none-eabi/lib/thumb/v7e-m+fp/hard/libc_nano.a(lib_a-malloc.o)
                0x0000000008003f98                malloc
                0x0000000008003fa8                free
 .text          0x0000000008003fb8       0x40 /usr/lib/gcc/arm-none-eabi/9.2.1/../../../arm-none-eabi/lib/thumb/v7e-m+fp/hard/libc_nano.a(lib_a-mbtowc_r.o)
                0x0000000008003fb8                _mbtowc_r
                0x0000000008003fcc                __ascii_mbtowc
 *fill*         0x0000000008003ff8        0x8 
 .text          0x0000000008004000       0xa0 /usr/lib/gcc/arm-none-eabi/9.2.1/../../../arm-none-eabi/lib/thumb/v7e-m+fp/hard/libc_nano.a(lib_a-memchr.o)
                0x0000000008004000                memchr
 .text          0x00000000080040a0      0xa38 /usr/lib/gcc/arm-none-eabi/9.2.1/../../../arm-none-eabi/lib/thumb/v7e-m+fp/hard/libc_nano.a(lib_a-mprec.o)
                0x00000000080040a0                _Balloc
                0x0000000008004120                _Bfree
                0x000000000800416c                __multadd
                0x000000000800420c                __s2b
                0x00000000080042b8                __hi0bits
                0x00000000080042f8                __lo0bits
                0x0000000008004358                __i2b
                0x0000000008004384                __multiply
                0x00000000080044d0                __pow5mult
                0x0000000008004594                __lshift
                0x000000000800465c                __mcmp
                0x0000000008004694                __mdiff
                0x00000000080047bc                __ulp
                0x000000000800480c                __b2d
                0x00000000080048c4                __d2b
                0x0000000008004998                __ratio
                0x00000000080049f8                _mprec_log10
                0x0000000008004a38                __copybits
                0x0000000008004a80                __any_on
 .text          0x0000000008004ad8       0x1c /usr/lib/gcc/arm-none-eabi/9.2.1/../../../arm-none-eabi/lib/thumb/v7e-m+fp/hard/libc_nano.a(lib_a-nano-callocr.o)
                0x0000000008004ad8                _calloc_r
 .text          0x0000000008004af4       0xac /usr/lib/gcc/arm-none-eabi/9.2.1/../../../arm-none-eabi/lib/thumb/v7e-m+fp/hard/libc_nano.a(lib_a-nano-freer.o)
                0x0000000008004af4                _free_r
 .text          0x0000000008004ba0       0xc8 /usr/lib/gcc/arm-none-eabi/9.2.1/../../../arm-none-eabi/lib/thumb/v7e-m+fp/hard/libc_nano.a(lib_a-nano-mallocr.o)
                0x0000000008004ba0                _malloc_r
 .text          0x0000000008004c68      0x42c /usr/lib/gcc/arm-none-eabi/9.2.1/../../../arm-none-eabi/lib/thumb/v7e-m+fp/hard/libc_nano.a(lib_a-nano-svfprintf.o)
                0x0000000008004c68                __ssputs_r
                0x0000000008004d28                __ssprint_r
                0x0000000008004e20                _svfprintf_r
                0x0000000008004e20                _svfiprintf_r
 *fill*         0x0000000008005094        0x4 
 .text          0x0000000008005098       0x10 /usr/lib/gcc/arm-none-eabi/9.2.1/../../../arm-none-eabi/lib/thumb/v7e-m+fp/hard/libc_nano.a(lib_a-s_nan.o)
                0x0000000008005098                nan
 .text          0x00000000080050a8       0x24 /usr/lib/gcc/arm-none-eabi/9.2.1/../../../arm-none-eabi/lib/thumb/v7e-m+fp/hard/libc_nano.a(lib_a-sbrkr.o)
                0x00000000080050a8                _sbrk_r
 .text          0x00000000080050cc        0xc /usr/lib/gcc/arm-none-eabi/9.2.1/../../../arm-none-eabi/lib/thumb/v7e-m+fp/hard/libc_nano.a(lib_a-sf_nan.o)
                0x00000000080050cc                nanf
 .text          0x00000000080050d8       0xa4 /usr/lib/gcc/arm-none-eabi/9.2.1/../../../arm-none-eabi/lib/thumb/v7e-m+fp/hard/libc_nano.a(lib_a-strncmp.o)
                0x00000000080050d8                strncmp
 .text          0x000000000800517c       0x30 /usr/lib/gcc/arm-none-eabi/9.2.1/../../../arm-none-eabi/lib/thumb/v7e-m+fp/hard/libc_nano.a(lib_a-wctomb_r.o)
                0x000000000800517c                _wctomb_r
                0x0000000008005190                __ascii_wctomb
 .text          0x00000000080051ac       0x48 /usr/lib/gcc/arm-none-eabi/9.2.1/../../../arm-none-eabi/lib/thumb/v7e-m+fp/hard/libc_nano.a(lib_a-assert.o)
                0x00000000080051ac                __assert_func
                0x00000000080051e8                __assert
 .text          0x00000000080051f4       0x44 /usr/lib/gcc/arm-none-eabi/9.2.1/../../../arm-none-eabi/lib/thumb/v7e-m+fp/hard/libc_nano.a(lib_a-fprintf.o)
                0x00000000080051f4                _fprintf_r
                0x00000000080051f4                _fiprintf_r
                0x0000000008005210                fprintf
                0x0000000008005210                fiprintf
 .text          0x0000000008005238        0x8 /usr/lib/gcc/arm-none-eabi/9.2.1/../../../arm-none-eabi/lib/thumb/v7e-m+fp/hard/libc_nano.a(lib_a-mlock.o)
                0x0000000008005238                __malloc_lock
                0x000000000800523c                __malloc_unlock
 .text          0x0000000008005240       0x4c /usr/lib/gcc/arm-none-eabi/9.2.1/../../../arm-none-eabi/lib/thumb/v7e-m+fp/hard/libc_nano.a(lib_a-nano-reallocr.o)
                0x0000000008005240                _realloc_r
 .text          0x000000000800528c      0x364 /usr/lib/gcc/arm-none-eabi/9.2.1/../../../arm-none-eabi/lib/thumb/v7e-m+fp/hard/libc_nano.a(lib_a-nano-vfprintf.o)
                0x00000000080052c8                __sfputs_r
                0x00000000080052f8                __sprint_r
                0x0000000008005314                _vfiprintf_r
                0x0000000008005314                _vfprintf_r
                0x00000000080055d8                vfiprintf
                0x00000000080055d8                vfprintf
 .text          0x00000000080055f0       0xc0 /usr/lib/gcc/arm-none-eabi/9.2.1/../../../arm-none-eabi/lib/thumb/v7e-m+fp/hard/libc_nano.a(lib_a-wbuf.o)
                0x00000000080055f0                __swbuf_r
                0x00000000080056a0                __swbuf
 .text          0x00000000080056b0      0x100 /usr/lib/gcc/arm-none-eabi/9.2.1/../../../arm-none-eabi/lib/thumb/v7e-m+fp/hard/libc_nano.a(lib_a-wsetup.o)
                0x00000000080056b0                __swsetup_r
 .text          0x00000000080057b0       0x10 /usr/lib/gcc/arm-none-eabi/9.2.1/../../../arm-none-eabi/lib/thumb/v7e-m+fp/hard/libc_nano.a(lib_a-abort.o)
                0x00000000080057b0                abort
 .text          0x00000000080057c0      0x1b0 /usr/lib/gcc/arm-none-eabi/9.2.1/../../../arm-none-eabi/lib/thumb/v7e-m+fp/hard/libc_nano.a(lib_a-fflush.o)
                0x00000000080057c0                __sflush_r
                0x00000000080058ec                _fflush_r
                0x000000000800594c                fflush
 .text          0x0000000008005970      0x210 /usr/lib/gcc/arm-none-eabi/9.2.1/../../../arm-none-eabi/lib/thumb/v7e-m+fp/hard/libc_nano.a(lib_a-findfp.o)
                0x0000000008005974                _cleanup_r
                0x0000000008005984                __sfmoreglue
                0x00000000080059b4                __sfp
                0x0000000008005b2c                _cleanup
                0x0000000008005b40                __sinit
                0x0000000008005b48                __sfp_lock_acquire
                0x0000000008005b4c                __sfp_lock_release
                0x0000000008005b50                __sinit_lock_acquire
                0x0000000008005b54                __sinit_lock_release
                0x0000000008005b58                __fp_lock_all
                0x0000000008005b6c                __fp_unlock_all
 .text          0x0000000008005b80      0x308 /usr/lib/gcc/arm-none-eabi/9.2.1/../../../arm-none-eabi/lib/thumb/v7e-m+fp/hard/libc_nano.a(lib_a-fvwrite.o)
                0x0000000008005b80                __sfvwrite_r
 .text          0x0000000008005e88       0xa0 /usr/lib/gcc/arm-none-eabi/9.2.1/../../../arm-none-eabi/lib/thumb/v7e-m+fp/hard/libc_nano.a(lib_a-fwalk.o)
                0x0000000008005e88                _fwalk
                0x0000000008005ed4                _fwalk_reent
 .text          0x0000000008005f28       0xf0 /usr/lib/gcc/arm-none-eabi/9.2.1/../../../arm-none-eabi/lib/thumb/v7e-m+fp/hard/libc_nano.a(lib_a-makebuf.o)
                0x0000000008005f28                __swhatbuf_r
                0x0000000008005f84                __smakebuf_r
 .text          0x0000000008006018       0x10 /usr/lib/gcc/arm-none-eabi/9.2.1/../../../arm-none-eabi/lib/thumb/v7e-m+fp/hard/libc_nano.a(lib_a-nano-msizer.o)
                0x0000000008006018                _malloc_usable_size_r
 .text          0x0000000008006028      0x150 /usr/lib/gcc/arm-none-eabi/9.2.1/../../../arm-none-eabi/lib/thumb/v7e-m+fp/hard/libc_nano.a(lib_a-signal.o)
                0x0000000008006050                _init_signal_r
                0x000000000800605c                _signal_r
                0x0000000008006090                _raise_r
                0x00000000080060e4                __sigtramp_r
                0x0000000008006134                raise
                0x0000000008006144                signal
                0x0000000008006154                _init_signal
                0x0000000008006168                __sigtramp
 .text          0x0000000008006178       0x2c /usr/lib/gcc/arm-none-eabi/9.2.1/../../../arm-none-eabi/lib/thumb/v7e-m+fp/hard/libc_nano.a(lib_a-signalr.o)
                0x0000000008006178                _kill_r
                0x00000000080061a0                _getpid_r
 .text          0x00000000080061a4       0x90 /usr/lib/gcc/arm-none-eabi/9.2.1/../../../arm-none-eabi/lib/thumb/v7e-m+fp/hard/libc_nano.a(lib_a-stdio.o)
                0x00000000080061a4                __sread
                0x00000000080061c8                __seofread
                0x00000000080061cc                __swrite
                0x000000000800620c                __sseek
                0x000000000800622c                __sclose
 .text          0x0000000008006234       0x2c /usr/lib/gcc/arm-none-eabi/9.2.1/../../../arm-none-eabi/lib/thumb/v7e-m+fp/hard/libc_nano.a(lib_a-writer.o)
                0x0000000008006234                _write_r
 .text          0x0000000008006260       0x24 /usr/lib/gcc/arm-none-eabi/9.2.1/../../../arm-none-eabi/lib/thumb/v7e-m+fp/hard/libc_nano.a(lib_a-closer.o)
                0x0000000008006260                _close_r
 .text          0x0000000008006284       0x28 /usr/lib/gcc/arm-none-eabi/9.2.1/../../../arm-none-eabi/lib/thumb/v7e-m+fp/hard/libc_nano.a(lib_a-fstatr.o)
                0x0000000008006284                _fstat_r
 .text          0x00000000080062ac       0x24 /usr/lib/gcc/arm-none-eabi/9.2.1/../../../arm-none-eabi/lib/thumb/v7e-m+fp/hard/libc_nano.a(lib_a-isattyr.o)
                0x00000000080062ac                _isatty_r
 .text          0x00000000080062d0       0x2c /usr/lib/gcc/arm-none-eabi/9.2.1/../../../arm-none-eabi/lib/thumb/v7e-m+fp/hard/libc_nano.a(lib_a-lseekr.o)
                0x00000000080062d0                _lseek_r
 .text          0x00000000080062fc       0x2c /usr/lib/gcc/arm-none-eabi/9.2.1/../../../arm-none-eabi/lib/thumb/v7e-m+fp/hard/libc_nano.a(lib_a-readr.o)
                0x00000000080062fc                _read_r
 .text          0x0000000008006328       0x10 /usr/lib/gcc/arm-none-eabi/9.2.1/../../../arm-none-eabi/lib/thumb/v7e-m+fp/hard/libnosys.a(close.o)
                0x0000000008006328                _close
 .text          0x0000000008006338       0x10 /usr/lib/gcc/arm-none-eabi/9.2.1/../../../arm-none-eabi/lib/thumb/v7e-m+fp/hard/libnosys.a(fstat.o)
                0x0000000008006338                _fstat
 .text          0x0000000008006348       0x10 /usr/lib/gcc/arm-none-eabi/9.2.1/../../../arm-none-eabi/lib/thumb/v7e-m+fp/hard/libnosys.a(getpid.o)
                0x0000000008006348                _getpid
 .text          0x0000000008006358       0x10 /usr/lib/gcc/arm-none-eabi/9.2.1/../../../arm-none-eabi/lib/thumb/v7e-m+fp/hard/libnosys.a(isatty.o)
                0x0000000008006358                _isatty
 .text          0x0000000008006368       0x10 /usr/lib/gcc/arm-none-eabi/9.2.1/../../../arm-none-eabi/lib/thumb/v7e-m+fp/hard/libnosys.a(kill.o)
                0x0000000008006368                _kill
 .text          0x0000000008006378       0x10 /usr/lib/gcc/arm-none-eabi/9.2.1/../../../arm-none-eabi/lib/thumb/v7e-m+fp/hard/libnosys.a(lseek.o)
                0x0000000008006378                _lseek
 .text          0x0000000008006388       0x10 /usr/lib/gcc/arm-none-eabi/9.2.1/../../../arm-none-eabi/lib/thumb/v7e-m+fp/hard/libnosys.a(read.o)
                0x0000000008006388                _read
 .text          0x0000000008006398       0x1c /usr/lib/gcc/arm-none-eabi/9.2.1/../../../arm-none-eabi/lib/thumb/v7e-m+fp/hard/libnosys.a(sbrk.o)
                0x0000000008006398                _sbrk
 .text          0x00000000080063b4       0x10 /usr/lib/gcc/arm-none-eabi/9.2.1/../../../arm-none-eabi/lib/thumb/v7e-m+fp/hard/libnosys.a(write.o)
                0x00000000080063b4                _write
 .text          0x00000000080063c4        0x4 /usr/lib/gcc/arm-none-eabi/9.2.1/../../../arm-none-eabi/lib/thumb/v7e-m+fp/hard/libnosys.a(_exit.o)
                0x00000000080063c4                _exit
 .text          0x00000000080063c8      0x378 /usr/lib/gcc/arm-none-eabi/9.2.1/thumb/v7e-m+fp/hard/libgcc.a(_arm_addsubdf3.o)
                0x00000000080063c8                __aeabi_drsub
                0x00000000080063d0                __aeabi_dsub
                0x00000000080063d0                __subdf3
                0x00000000080063d4                __adddf3
                0x00000000080063d4                __aeabi_dadd
                0x000000000800664c                __aeabi_ui2d
                0x000000000800664c                __floatunsidf
                0x000000000800666c                __floatsidf
                0x000000000800666c                __aeabi_i2d
                0x0000000008006690                __extendsfdf2
                0x0000000008006690                __aeabi_f2d
                0x00000000080066d4                __aeabi_ul2d
                0x00000000080066d4                __floatundidf
                0x00000000080066e4                __floatdidf
                0x00000000080066e4                __aeabi_l2d
 .text          0x0000000008006740      0x424 /usr/lib/gcc/arm-none-eabi/9.2.1/thumb/v7e-m+fp/hard/libgcc.a(_arm_muldivdf3.o)
                0x0000000008006740                __aeabi_dmul
                0x0000000008006740                __muldf3
                0x0000000008006994                __aeabi_ddiv
                0x0000000008006994                __divdf3
 .text          0x0000000008006b64      0x110 /usr/lib/gcc/arm-none-eabi/9.2.1/thumb/v7e-m+fp/hard/libgcc.a(_arm_cmpdf2.o)
                0x0000000008006b64                __gtdf2
                0x0000000008006b64                __gedf2
                0x0000000008006b6c                __ltdf2
                0x0000000008006b6c                __ledf2
                0x0000000008006b74                __cmpdf2
                0x0000000008006b74                __eqdf2
                0x0000000008006b74                __nedf2
                0x0000000008006bf0                __aeabi_cdrcmple
                0x0000000008006c00                __aeabi_cdcmple
                0x0000000008006c00                __aeabi_cdcmpeq
                0x0000000008006c10                __aeabi_dcmpeq
                0x0000000008006c24                __aeabi_dcmplt
                0x0000000008006c38                __aeabi_dcmple
                0x0000000008006c4c                __aeabi_dcmpge
                0x0000000008006c60                __aeabi_dcmpgt
 .text          0x0000000008006c74       0x2c /usr/lib/gcc/arm-none-eabi/9.2.1/thumb/v7e-m+fp/hard/libgcc.a(_arm_unorddf2.o)
                0x0000000008006c74                __aeabi_dcmpun
                0x0000000008006c74                __unorddf2
 .text          0x0000000008006ca0       0x50 /usr/lib/gcc/arm-none-eabi/9.2.1/thumb/v7e-m+fp/hard/libgcc.a(_arm_fixdfsi.o)
                0x0000000008006ca0                __fixdfsi
                0x0000000008006ca0                __aeabi_d2iz
 .text          0x0000000008006cf0       0x40 /usr/lib/gcc/arm-none-eabi/9.2.1/thumb/v7e-m+fp/hard/libgcc.a(_arm_fixunsdfsi.o)
                0x0000000008006cf0                __fixunsdfsi
                0x0000000008006cf0                __aeabi_d2uiz
 .text          0x0000000008006d30       0xa0 /usr/lib/gcc/arm-none-eabi/9.2.1/thumb/v7e-m+fp/hard/libgcc.a(_arm_truncdfsf2.o)
                0x0000000008006d30                __aeabi_d2f
                0x0000000008006d30                __truncdfsf2
 .text          0x0000000008006dd0       0x30 /usr/lib/gcc/arm-none-eabi/9.2.1/thumb/v7e-m+fp/hard/libgcc.a(_fixdfdi.o)
                0x0000000008006dd0                __aeabi_d2lz
                0x0000000008006dd0                __fixdfdi
 .text          0x0000000008006e00       0x3c /usr/lib/gcc/arm-none-eabi/9.2.1/thumb/v7e-m+fp/hard/libgcc.a(_fixunsdfdi.o)
                0x0000000008006e00                __aeabi_d2ulz
                0x0000000008006e00                __fixunsdfdi
 *(.text*)
 *fill*         0x0000000008006e3c        0x4 
 .text.HAL_HRTIM_RepetitionEventCallback
                0x0000000008006e40      0x1cc build/main.o
                0x0000000008006e40                HAL_HRTIM_RepetitionEventCallback
 .text.SystemClock_Config
                0x000000000800700c       0x84 build/main.o
                0x000000000800700c                SystemClock_Config
 .text.startup.main
                0x0000000008007090      0x6c8 build/main.o
                0x0000000008007090                main
 .text.Error_Handler
                0x0000000008007758        0x2 build/main.o
                0x0000000008007758                Error_Handler
 .text.NMI_Handler
                0x000000000800775a        0x2 build/stm32g4xx_it.o
                0x000000000800775a                NMI_Handler
 .text.HardFault_Handler
                0x000000000800775c        0x2 build/stm32g4xx_it.o
                0x000000000800775c                HardFault_Handler
 .text.MemManage_Handler
                0x000000000800775e        0x2 build/stm32g4xx_it.o
                0x000000000800775e                MemManage_Handler
 .text.BusFault_Handler
                0x0000000008007760        0x2 build/stm32g4xx_it.o
                0x0000000008007760                BusFault_Handler
 .text.UsageFault_Handler
                0x0000000008007762        0x2 build/stm32g4xx_it.o
                0x0000000008007762                UsageFault_Handler
 .text.SVC_Handler
                0x0000000008007764        0x2 build/stm32g4xx_it.o
                0x0000000008007764                SVC_Handler
 .text.DebugMon_Handler
                0x0000000008007766        0x2 build/stm32g4xx_it.o
                0x0000000008007766                DebugMon_Handler
 .text.PendSV_Handler
                0x0000000008007768        0x2 build/stm32g4xx_it.o
                0x0000000008007768                PendSV_Handler
 .text.SysTick_Handler
                0x000000000800776a        0x4 build/stm32g4xx_it.o
                0x000000000800776a                SysTick_Handler
 *fill*         0x000000000800776e        0x2 
 .text.DMA1_Channel1_IRQHandler
                0x0000000008007770        0xc build/stm32g4xx_it.o
                0x0000000008007770                DMA1_Channel1_IRQHandler
 .text.HRTIM1_TIMD_IRQHandler
                0x000000000800777c        0xc build/stm32g4xx_it.o
                0x000000000800777c                HRTIM1_TIMD_IRQHandler
 .text.USB_LP_IRQHandler
                0x0000000008007788        0xc build/stm32g4xx_it.o
                0x0000000008007788                USB_LP_IRQHandler
 .text.HAL_MspInit
                0x0000000008007794       0x44 build/stm32g4xx_hal_msp.o
                0x0000000008007794                HAL_MspInit
 .text.HAL_ADC_MspInit
                0x00000000080077d8      0x150 build/stm32g4xx_hal_msp.o
                0x00000000080077d8                HAL_ADC_MspInit
 .text.HAL_COMP_MspInit
                0x0000000008007928       0x84 build/stm32g4xx_hal_msp.o
                0x0000000008007928                HAL_COMP_MspInit
 .text.HAL_DAC_MspInit
                0x00000000080079ac       0x80 build/stm32g4xx_hal_msp.o
                0x00000000080079ac                HAL_DAC_MspInit
 .text.HAL_HRTIM_MspInit
                0x0000000008007a2c       0x40 build/stm32g4xx_hal_msp.o
                0x0000000008007a2c                HAL_HRTIM_MspInit
 .text.HAL_HRTIM_MspPostInit
                0x0000000008007a6c       0x58 build/stm32g4xx_hal_msp.o
                0x0000000008007a6c                HAL_HRTIM_MspPostInit
 .text.HAL_I2C_MspInit
                0x0000000008007ac4       0x9c build/stm32g4xx_hal_msp.o
                0x0000000008007ac4                HAL_I2C_MspInit
 .text.HAL_OPAMP_MspInit
                0x0000000008007b60       0x50 build/stm32g4xx_hal_msp.o
                0x0000000008007b60                HAL_OPAMP_MspInit
 .text.HAL_GPIO_Init
                0x0000000008007bb0      0x194 build/stm32g4xx_hal_gpio.o
                0x0000000008007bb0                HAL_GPIO_Init
 .text.HAL_GPIO_WritePin
                0x0000000008007d44        0xa build/stm32g4xx_hal_gpio.o
                0x0000000008007d44                HAL_GPIO_WritePin
 .text.HAL_GPIO_TogglePin
                0x0000000008007d4e        0xc build/stm32g4xx_hal_gpio.o
                0x0000000008007d4e                HAL_GPIO_TogglePin
 .text.LL_ADC_SetChannelSamplingTime
                0x0000000008007d5a       0x22 build/stm32g4xx_hal_adc.o
 .text.LL_ADC_REG_IsConversionOngoing
                0x0000000008007d7c        0x8 build/stm32g4xx_hal_adc.o
 .text.HAL_ADC_Init
                0x0000000008007d84      0x228 build/stm32g4xx_hal_adc.o
                0x0000000008007d84                HAL_ADC_Init
 .text.HAL_ADC_ConvCpltCallback
                0x0000000008007fac        0x2 build/stm32g4xx_hal_adc.o
                0x0000000008007fac                HAL_ADC_ConvCpltCallback
 .text.HAL_ADC_ConvHalfCpltCallback
                0x0000000008007fae        0x2 build/stm32g4xx_hal_adc.o
                0x0000000008007fae                HAL_ADC_ConvHalfCpltCallback
 .text.ADC_DMAHalfConvCplt
                0x0000000008007fb0        0xa build/stm32g4xx_hal_adc.o
                0x0000000008007fb0                ADC_DMAHalfConvCplt
 .text.HAL_ADC_ErrorCallback
                0x0000000008007fba        0x2 build/stm32g4xx_hal_adc.o
                0x0000000008007fba                HAL_ADC_ErrorCallback
 .text.ADC_DMAConvCplt
                0x0000000008007fbc       0x68 build/stm32g4xx_hal_adc.o
                0x0000000008007fbc                ADC_DMAConvCplt
 .text.ADC_DMAError
                0x0000000008008024       0x1a build/stm32g4xx_hal_adc.o
                0x0000000008008024                ADC_DMAError
 *fill*         0x000000000800803e        0x2 
 .text.HAL_ADC_ConfigChannel
                0x0000000008008040      0x3c8 build/stm32g4xx_hal_adc.o
                0x0000000008008040                HAL_ADC_ConfigChannel
 .text.ADC_Enable
                0x0000000008008408       0x6c build/stm32g4xx_hal_adc.o
                0x0000000008008408                ADC_Enable
 .text.HAL_ADC_Start_DMA
                0x0000000008008474      0x114 build/stm32g4xx_hal_adc.o
                0x0000000008008474                HAL_ADC_Start_DMA
 .text.ADC_Disable
                0x0000000008008588       0x60 build/stm32g4xx_hal_adc.o
                0x0000000008008588                ADC_Disable
 .text.LL_ADC_REG_IsConversionOngoing
                0x00000000080085e8        0x8 build/stm32g4xx_hal_adc_ex.o
 .text.LL_ADC_INJ_IsConversionOngoing
                0x00000000080085f0        0x8 build/stm32g4xx_hal_adc_ex.o
 .text.HAL_ADCEx_Calibration_Start
                0x00000000080085f8       0x98 build/stm32g4xx_hal_adc_ex.o
                0x00000000080085f8                HAL_ADCEx_Calibration_Start
 .text.HAL_ADCEx_InjectedStart
                0x0000000008008690       0xf8 build/stm32g4xx_hal_adc_ex.o
                0x0000000008008690                HAL_ADCEx_InjectedStart
 .text.HAL_ADCEx_MultiModeConfigChannel
                0x0000000008008788      0x14c build/stm32g4xx_hal_adc_ex.o
                0x0000000008008788                HAL_ADCEx_MultiModeConfigChannel
 .text.HAL_InitTick
                0x00000000080088d4       0x4c build/stm32g4xx_hal.o
                0x00000000080088d4                HAL_InitTick
 .text.HAL_Init
                0x0000000008008920       0x1e build/stm32g4xx_hal.o
                0x0000000008008920                HAL_Init
 *fill*         0x000000000800893e        0x2 
 .text.HAL_IncTick
                0x0000000008008940       0x18 build/stm32g4xx_hal.o
                0x0000000008008940                HAL_IncTick
 .text.HAL_GetTick
                0x0000000008008958        0xc build/stm32g4xx_hal.o
                0x0000000008008958                HAL_GetTick
 .text.HAL_Delay
                0x0000000008008964       0x28 build/stm32g4xx_hal.o
                0x0000000008008964                HAL_Delay
 .text.HAL_SYSCFG_VREFBUF_VoltageScalingConfig
                0x000000000800898c       0x14 build/stm32g4xx_hal.o
                0x000000000800898c                HAL_SYSCFG_VREFBUF_VoltageScalingConfig
 .text.HAL_SYSCFG_VREFBUF_HighImpedanceConfig
                0x00000000080089a0       0x14 build/stm32g4xx_hal.o
                0x00000000080089a0                HAL_SYSCFG_VREFBUF_HighImpedanceConfig
 .text.HAL_SYSCFG_EnableVREFBUF
                0x00000000080089b4       0x30 build/stm32g4xx_hal.o
                0x00000000080089b4                HAL_SYSCFG_EnableVREFBUF
 .text.HAL_RCC_OscConfig
                0x00000000080089e4      0x420 build/stm32g4xx_hal_rcc.o
                0x00000000080089e4                HAL_RCC_OscConfig
 .text.HAL_RCC_GetSysClockFreq
                0x0000000008008e04       0x70 build/stm32g4xx_hal_rcc.o
                0x0000000008008e04                HAL_RCC_GetSysClockFreq
 .text.HAL_RCC_ClockConfig
                0x0000000008008e74      0x1e8 build/stm32g4xx_hal_rcc.o
                0x0000000008008e74                HAL_RCC_ClockConfig
 .text.HAL_RCC_GetHCLKFreq
                0x000000000800905c        0xc build/stm32g4xx_hal_rcc.o
                0x000000000800905c                HAL_RCC_GetHCLKFreq
 .text.HAL_RCCEx_PeriphCLKConfig
                0x0000000008009068      0x2f0 build/stm32g4xx_hal_rcc_ex.o
                0x0000000008009068                HAL_RCCEx_PeriphCLKConfig
 .text.HAL_RCCEx_CRSConfig
                0x0000000008009358       0x4c build/stm32g4xx_hal_rcc_ex.o
                0x0000000008009358                HAL_RCCEx_CRSConfig
 .text.DMA_SetConfig
                0x00000000080093a4       0x34 build/stm32g4xx_hal_dma.o
 .text.DMA_CalcDMAMUXChannelBaseAndMask
                0x00000000080093d8       0x48 build/stm32g4xx_hal_dma.o
 .text.HAL_DMA_Init
                0x0000000008009420       0xe0 build/stm32g4xx_hal_dma.o
                0x0000000008009420                HAL_DMA_Init
 .text.HAL_DMA_Start_IT
                0x0000000008009500       0x84 build/stm32g4xx_hal_dma.o
                0x0000000008009500                HAL_DMA_Start_IT
 .text.HAL_DMA_IRQHandler
                0x0000000008009584       0x94 build/stm32g4xx_hal_dma.o
                0x0000000008009584                HAL_DMA_IRQHandler
 .text.HAL_PWREx_ControlVoltageScaling
                0x0000000008009618       0xb8 build/stm32g4xx_hal_pwr_ex.o
                0x0000000008009618                HAL_PWREx_ControlVoltageScaling
 .text.HAL_NVIC_SetPriorityGrouping
                0x00000000080096d0       0x24 build/stm32g4xx_hal_cortex.o
                0x00000000080096d0                HAL_NVIC_SetPriorityGrouping
 .text.HAL_NVIC_SetPriority
                0x00000000080096f4       0x64 build/stm32g4xx_hal_cortex.o
                0x00000000080096f4                HAL_NVIC_SetPriority
 .text.HAL_NVIC_EnableIRQ
                0x0000000008009758       0x1c build/stm32g4xx_hal_cortex.o
                0x0000000008009758                HAL_NVIC_EnableIRQ
 .text.HAL_SYSTICK_Config
                0x0000000008009774       0x2c build/stm32g4xx_hal_cortex.o
                0x0000000008009774                HAL_SYSTICK_Config
 .text.HAL_COMP_Init
                0x00000000080097a0      0x214 build/stm32g4xx_hal_comp.o
                0x00000000080097a0                HAL_COMP_Init
 .text.HAL_DAC_Init
                0x00000000080099b4       0x26 build/stm32g4xx_hal_dac.o
                0x00000000080099b4                HAL_DAC_Init
 *fill*         0x00000000080099da        0x2 
 .text.HAL_DAC_ConfigChannel
                0x00000000080099dc      0x1d8 build/stm32g4xx_hal_dac.o
                0x00000000080099dc                HAL_DAC_ConfigChannel
 .text.HRTIM_OutputConfig
                0x0000000008009bb4       0xb4 build/stm32g4xx_hal_hrtim.o
 .text.HRTIM_ForceRegistersUpdate
                0x0000000008009c68       0x68 build/stm32g4xx_hal_hrtim.o
 .text.HAL_HRTIM_Init
                0x0000000008009cd0       0xac build/stm32g4xx_hal_hrtim.o
                0x0000000008009cd0                HAL_HRTIM_Init
 .text.HAL_HRTIM_DLLCalibrationStart
                0x0000000008009d7c       0x54 build/stm32g4xx_hal_hrtim.o
                0x0000000008009d7c                HAL_HRTIM_DLLCalibrationStart
 .text.HAL_HRTIM_PollForDLLCalibration
                0x0000000008009dd0       0x40 build/stm32g4xx_hal_hrtim.o
                0x0000000008009dd0                HAL_HRTIM_PollForDLLCalibration
 .text.HAL_HRTIM_TimeBaseConfig
                0x0000000008009e10       0x62 build/stm32g4xx_hal_hrtim.o
                0x0000000008009e10                HAL_HRTIM_TimeBaseConfig
 .text.HAL_HRTIM_WaveformTimerConfig
                0x0000000008009e72      0x262 build/stm32g4xx_hal_hrtim.o
                0x0000000008009e72                HAL_HRTIM_WaveformTimerConfig
 .text.HAL_HRTIM_WaveformTimerControl
                0x000000000800a0d4       0x90 build/stm32g4xx_hal_hrtim.o
                0x000000000800a0d4                HAL_HRTIM_WaveformTimerControl
 .text.HAL_HRTIM_DeadTimeConfig
                0x000000000800a164       0x94 build/stm32g4xx_hal_hrtim.o
                0x000000000800a164                HAL_HRTIM_DeadTimeConfig
 .text.HAL_HRTIM_WaveformCompareConfig
                0x000000000800a1f8      0x140 build/stm32g4xx_hal_hrtim.o
                0x000000000800a1f8                HAL_HRTIM_WaveformCompareConfig
 .text.HAL_HRTIM_WaveformOutputConfig
                0x000000000800a338       0x36 build/stm32g4xx_hal_hrtim.o
                0x000000000800a338                HAL_HRTIM_WaveformOutputConfig
 .text.HAL_HRTIM_Fault1Callback
                0x000000000800a36e        0x2 build/stm32g4xx_hal_hrtim.o
                0x000000000800a36e                HAL_HRTIM_Fault1Callback
 .text.HAL_HRTIM_Fault2Callback
                0x000000000800a370        0x2 build/stm32g4xx_hal_hrtim.o
                0x000000000800a370                HAL_HRTIM_Fault2Callback
 .text.HAL_HRTIM_Fault3Callback
                0x000000000800a372        0x2 build/stm32g4xx_hal_hrtim.o
                0x000000000800a372                HAL_HRTIM_Fault3Callback
 .text.HAL_HRTIM_Fault4Callback
                0x000000000800a374        0x2 build/stm32g4xx_hal_hrtim.o
                0x000000000800a374                HAL_HRTIM_Fault4Callback
 .text.HAL_HRTIM_Fault5Callback
                0x000000000800a376        0x2 build/stm32g4xx_hal_hrtim.o
                0x000000000800a376                HAL_HRTIM_Fault5Callback
 .text.HAL_HRTIM_Fault6Callback
                0x000000000800a378        0x2 build/stm32g4xx_hal_hrtim.o
                0x000000000800a378                HAL_HRTIM_Fault6Callback
 .text.HAL_HRTIM_SystemFaultCallback
                0x000000000800a37a        0x2 build/stm32g4xx_hal_hrtim.o
                0x000000000800a37a                HAL_HRTIM_SystemFaultCallback
 .text.HAL_HRTIM_DLLCalibrationReadyCallback
                0x000000000800a37c        0x2 build/stm32g4xx_hal_hrtim.o
                0x000000000800a37c                HAL_HRTIM_DLLCalibrationReadyCallback
 .text.HAL_HRTIM_BurstModePeriodCallback
                0x000000000800a37e        0x2 build/stm32g4xx_hal_hrtim.o
                0x000000000800a37e                HAL_HRTIM_BurstModePeriodCallback
 .text.HAL_HRTIM_SynchronizationEventCallback
                0x000000000800a380        0x2 build/stm32g4xx_hal_hrtim.o
                0x000000000800a380                HAL_HRTIM_SynchronizationEventCallback
 .text.HAL_HRTIM_RegistersUpdateCallback
                0x000000000800a382        0x2 build/stm32g4xx_hal_hrtim.o
                0x000000000800a382                HAL_HRTIM_RegistersUpdateCallback
 .text.HAL_HRTIM_Compare1EventCallback
                0x000000000800a384        0x2 build/stm32g4xx_hal_hrtim.o
                0x000000000800a384                HAL_HRTIM_Compare1EventCallback
 .text.HAL_HRTIM_Compare2EventCallback
                0x000000000800a386        0x2 build/stm32g4xx_hal_hrtim.o
                0x000000000800a386                HAL_HRTIM_Compare2EventCallback
 .text.HAL_HRTIM_Compare3EventCallback
                0x000000000800a388        0x2 build/stm32g4xx_hal_hrtim.o
                0x000000000800a388                HAL_HRTIM_Compare3EventCallback
 .text.HAL_HRTIM_Compare4EventCallback
                0x000000000800a38a        0x2 build/stm32g4xx_hal_hrtim.o
                0x000000000800a38a                HAL_HRTIM_Compare4EventCallback
 .text.HAL_HRTIM_Capture1EventCallback
                0x000000000800a38c        0x2 build/stm32g4xx_hal_hrtim.o
                0x000000000800a38c                HAL_HRTIM_Capture1EventCallback
 .text.HAL_HRTIM_Capture2EventCallback
                0x000000000800a38e        0x2 build/stm32g4xx_hal_hrtim.o
                0x000000000800a38e                HAL_HRTIM_Capture2EventCallback
 .text.HAL_HRTIM_DelayedProtectionCallback
                0x000000000800a390        0x2 build/stm32g4xx_hal_hrtim.o
                0x000000000800a390                HAL_HRTIM_DelayedProtectionCallback
 .text.HAL_HRTIM_CounterResetCallback
                0x000000000800a392        0x2 build/stm32g4xx_hal_hrtim.o
                0x000000000800a392                HAL_HRTIM_CounterResetCallback
 .text.HAL_HRTIM_Output1SetCallback
                0x000000000800a394        0x2 build/stm32g4xx_hal_hrtim.o
                0x000000000800a394                HAL_HRTIM_Output1SetCallback
 .text.HAL_HRTIM_Output1ResetCallback
                0x000000000800a396        0x2 build/stm32g4xx_hal_hrtim.o
                0x000000000800a396                HAL_HRTIM_Output1ResetCallback
 .text.HAL_HRTIM_Output2SetCallback
                0x000000000800a398        0x2 build/stm32g4xx_hal_hrtim.o
                0x000000000800a398                HAL_HRTIM_Output2SetCallback
 .text.HAL_HRTIM_Output2ResetCallback
                0x000000000800a39a        0x2 build/stm32g4xx_hal_hrtim.o
                0x000000000800a39a                HAL_HRTIM_Output2ResetCallback
 .text.HAL_HRTIM_IRQHandler
                0x000000000800a39c      0x402 build/stm32g4xx_hal_hrtim.o
                0x000000000800a39c                HAL_HRTIM_IRQHandler
 .text.HAL_I2C_Init
                0x000000000800a79e       0xa2 build/stm32g4xx_hal_i2c.o
                0x000000000800a79e                HAL_I2C_Init
 .text.HAL_I2CEx_ConfigAnalogFilter
                0x000000000800a840       0x4c build/stm32g4xx_hal_i2c_ex.o
                0x000000000800a840                HAL_I2CEx_ConfigAnalogFilter
 .text.HAL_I2CEx_ConfigDigitalFilter
                0x000000000800a88c       0x4a build/stm32g4xx_hal_i2c_ex.o
                0x000000000800a88c                HAL_I2CEx_ConfigDigitalFilter
 *fill*         0x000000000800a8d6        0x2 
 .text.HAL_OPAMP_Init
                0x000000000800a8d8      0x104 build/stm32g4xx_hal_opamp.o
                0x000000000800a8d8                HAL_OPAMP_Init
 .text.HAL_PCD_Init
                0x000000000800a9dc       0xbc build/stm32g4xx_hal_pcd.o
                0x000000000800a9dc                HAL_PCD_Init
 .text.HAL_PCD_Start
                0x000000000800aa98       0x2a build/stm32g4xx_hal_pcd.o
                0x000000000800aa98                HAL_PCD_Start
 .text.HAL_PCD_SetAddress
                0x000000000800aac2       0x28 build/stm32g4xx_hal_pcd.o
                0x000000000800aac2                HAL_PCD_SetAddress
 .text.HAL_PCD_EP_Open
                0x000000000800aaea       0x64 build/stm32g4xx_hal_pcd.o
                0x000000000800aaea                HAL_PCD_EP_Open
 .text.HAL_PCD_EP_Close
                0x000000000800ab4e       0x52 build/stm32g4xx_hal_pcd.o
                0x000000000800ab4e                HAL_PCD_EP_Close
 .text.HAL_PCD_EP_Receive
                0x000000000800aba0       0x2e build/stm32g4xx_hal_pcd.o
                0x000000000800aba0                HAL_PCD_EP_Receive
 .text.HAL_PCD_EP_GetRxCount
                0x000000000800abce        0xe build/stm32g4xx_hal_pcd.o
                0x000000000800abce                HAL_PCD_EP_GetRxCount
 .text.HAL_PCD_EP_Transmit
                0x000000000800abdc       0x2a build/stm32g4xx_hal_pcd.o
                0x000000000800abdc                HAL_PCD_EP_Transmit
 *fill*         0x000000000800ac06        0x2 
 .text.HAL_PCD_IRQHandler
                0x000000000800ac08      0x4bc build/stm32g4xx_hal_pcd.o
                0x000000000800ac08                HAL_PCD_IRQHandler
 .text.HAL_PCD_EP_SetStall
                0x000000000800b0c4       0x72 build/stm32g4xx_hal_pcd.o
                0x000000000800b0c4                HAL_PCD_EP_SetStall
 .text.HAL_PCD_EP_ClrStall
                0x000000000800b136       0x64 build/stm32g4xx_hal_pcd.o
                0x000000000800b136                HAL_PCD_EP_ClrStall
 .text.HAL_PCDEx_PMAConfig
                0x000000000800b19a       0x2e build/stm32g4xx_hal_pcd_ex.o
                0x000000000800b19a                HAL_PCDEx_PMAConfig
 .text.HAL_PCDEx_ActivateLPM
                0x000000000800b1c8       0x2e build/stm32g4xx_hal_pcd_ex.o
                0x000000000800b1c8                HAL_PCDEx_ActivateLPM
 .text.HAL_PCDEx_LPM_Callback
                0x000000000800b1f6        0x2 build/stm32g4xx_hal_pcd_ex.o
                0x000000000800b1f6                HAL_PCDEx_LPM_Callback
 .text.USB_EnableGlobalInt
                0x000000000800b1f8       0x16 build/stm32g4xx_ll_usb.o
                0x000000000800b1f8                USB_EnableGlobalInt
 .text.USB_DisableGlobalInt
                0x000000000800b20e       0x14 build/stm32g4xx_ll_usb.o
                0x000000000800b20e                USB_DisableGlobalInt
 .text.USB_DevInit
                0x000000000800b222       0x3a build/stm32g4xx_ll_usb.o
                0x000000000800b222                USB_DevInit
 .text.USB_ActivateEndpoint
                0x000000000800b25c      0x2f8 build/stm32g4xx_ll_usb.o
                0x000000000800b25c                USB_ActivateEndpoint
 .text.USB_DeactivateEndpoint
                0x000000000800b554      0x1be build/stm32g4xx_ll_usb.o
                0x000000000800b554                USB_DeactivateEndpoint
 .text.USB_EPSetStall
                0x000000000800b712       0x40 build/stm32g4xx_ll_usb.o
                0x000000000800b712                USB_EPSetStall
 .text.USB_EPClearStall
                0x000000000800b752       0x96 build/stm32g4xx_ll_usb.o
                0x000000000800b752                USB_EPClearStall
 .text.USB_SetDevAddress
                0x000000000800b7e8        0xc build/stm32g4xx_ll_usb.o
                0x000000000800b7e8                USB_SetDevAddress
 .text.USB_DevConnect
                0x000000000800b7f4       0x16 build/stm32g4xx_ll_usb.o
                0x000000000800b7f4                USB_DevConnect
 .text.USB_ReadInterrupts
                0x000000000800b80a        0x8 build/stm32g4xx_ll_usb.o
                0x000000000800b80a                USB_ReadInterrupts
 .text.USB_EP0_OutStart
                0x000000000800b812        0x4 build/stm32g4xx_ll_usb.o
                0x000000000800b812                USB_EP0_OutStart
 .text.USB_WritePMA
                0x000000000800b816       0x1e build/stm32g4xx_ll_usb.o
                0x000000000800b816                USB_WritePMA
 .text.USB_EPStartXfer
                0x000000000800b834      0x1d4 build/stm32g4xx_ll_usb.o
                0x000000000800b834                USB_EPStartXfer
 .text.USB_ReadPMA
                0x000000000800ba08       0x36 build/stm32g4xx_ll_usb.o
                0x000000000800ba08                USB_ReadPMA
 .text.USBD_CDC_EP0_RxReady
                0x000000000800ba3e       0x28 build/usbd_cdc.o
 *fill*         0x000000000800ba66        0x2 
 .text.USBD_CDC_GetFSCfgDesc
                0x000000000800ba68        0xc build/usbd_cdc.o
 .text.USBD_CDC_GetHSCfgDesc
                0x000000000800ba74        0xc build/usbd_cdc.o
 .text.USBD_CDC_GetOtherSpeedCfgDesc
                0x000000000800ba80        0xc build/usbd_cdc.o
 .text.USBD_CDC_GetDeviceQualifierDescriptor
                0x000000000800ba8c        0xc build/usbd_cdc.o
                0x000000000800ba8c                USBD_CDC_GetDeviceQualifierDescriptor
 .text.USBD_CDC_DataOut
                0x000000000800ba98       0x2e build/usbd_cdc.o
 .text.USBD_CDC_DataIn
                0x000000000800bac6       0x44 build/usbd_cdc.o
 .text.USBD_CDC_Setup
                0x000000000800bb0a       0xb6 build/usbd_cdc.o
 .text.USBD_CDC_DeInit
                0x000000000800bbc0       0x42 build/usbd_cdc.o
 .text.USBD_CDC_Init
                0x000000000800bc02       0xa2 build/usbd_cdc.o
 .text.USBD_CDC_RegisterInterface
                0x000000000800bca4        0xe build/usbd_cdc.o
                0x000000000800bca4                USBD_CDC_RegisterInterface
 .text.USBD_CDC_SetTxBuffer
                0x000000000800bcb2       0x10 build/usbd_cdc.o
                0x000000000800bcb2                USBD_CDC_SetTxBuffer
 .text.USBD_CDC_SetRxBuffer
                0x000000000800bcc2        0xc build/usbd_cdc.o
                0x000000000800bcc2                USBD_CDC_SetRxBuffer
 .text.USBD_CDC_TransmitPacket
                0x000000000800bcce       0x32 build/usbd_cdc.o
                0x000000000800bcce                USBD_CDC_TransmitPacket
 .text.USBD_CDC_ReceivePacket
                0x000000000800bd00       0x2e build/usbd_cdc.o
                0x000000000800bd00                USBD_CDC_ReceivePacket
 .text.USBD_Init
                0x000000000800bd2e       0x2a build/usbd_core.o
                0x000000000800bd2e                USBD_Init
 .text.USBD_RegisterClass
                0x000000000800bd58        0xe build/usbd_core.o
                0x000000000800bd58                USBD_RegisterClass
 .text.USBD_Start
                0x000000000800bd66        0xa build/usbd_core.o
                0x000000000800bd66                USBD_Start
 .text.USBD_SetClassConfig
                0x000000000800bd70       0x16 build/usbd_core.o
                0x000000000800bd70                USBD_SetClassConfig
 .text.USBD_ClrClassConfig
                0x000000000800bd86        0xe build/usbd_core.o
                0x000000000800bd86                USBD_ClrClassConfig
 .text.USBD_LL_SetupStage
                0x000000000800bd94       0x5a build/usbd_core.o
                0x000000000800bd94                USBD_LL_SetupStage
 .text.USBD_LL_DataOutStage
                0x000000000800bdee       0x74 build/usbd_core.o
                0x000000000800bdee                USBD_LL_DataOutStage
 .text.USBD_LL_DataInStage
                0x000000000800be62       0xb6 build/usbd_core.o
                0x000000000800be62                USBD_LL_DataInStage
 .text.USBD_LL_Reset
                0x000000000800bf18       0x4e build/usbd_core.o
                0x000000000800bf18                USBD_LL_Reset
 .text.USBD_LL_SetSpeed
                0x000000000800bf66        0x6 build/usbd_core.o
                0x000000000800bf66                USBD_LL_SetSpeed
 .text.USBD_LL_Suspend
                0x000000000800bf6c       0x12 build/usbd_core.o
                0x000000000800bf6c                USBD_LL_Suspend
 .text.USBD_LL_Resume
                0x000000000800bf7e       0x14 build/usbd_core.o
                0x000000000800bf7e                USBD_LL_Resume
 .text.USBD_LL_SOF
                0x000000000800bf92       0x18 build/usbd_core.o
                0x000000000800bf92                USBD_LL_SOF
 .text.USBD_CtlError.constprop.0
                0x000000000800bfaa       0x16 build/usbd_ctlreq.o
 .text.USBD_StdDevReq
                0x000000000800bfc0      0x254 build/usbd_ctlreq.o
                0x000000000800bfc0                USBD_StdDevReq
 .text.USBD_StdItfReq
                0x000000000800c214       0x48 build/usbd_ctlreq.o
                0x000000000800c214                USBD_StdItfReq
 .text.USBD_StdEPReq
                0x000000000800c25c      0x110 build/usbd_ctlreq.o
                0x000000000800c25c                USBD_StdEPReq
 .text.USBD_ParseSetupRequest
                0x000000000800c36c       0x28 build/usbd_ctlreq.o
                0x000000000800c36c                USBD_ParseSetupRequest
 .text.USBD_CtlError
                0x000000000800c394       0x16 build/usbd_ctlreq.o
                0x000000000800c394                USBD_CtlError
 .text.USBD_GetString
                0x000000000800c3aa       0x38 build/usbd_ctlreq.o
                0x000000000800c3aa                USBD_GetString
 .text.USBD_CtlSendData
                0x000000000800c3e2       0x1a build/usbd_ioreq.o
                0x000000000800c3e2                USBD_CtlSendData
 .text.USBD_CtlContinueSendData
                0x000000000800c3fc       0x10 build/usbd_ioreq.o
                0x000000000800c3fc                USBD_CtlContinueSendData
 .text.USBD_CtlPrepareRx
                0x000000000800c40c       0x1a build/usbd_ioreq.o
                0x000000000800c40c                USBD_CtlPrepareRx
 .text.USBD_CtlContinueRx
                0x000000000800c426       0x10 build/usbd_ioreq.o
                0x000000000800c426                USBD_CtlContinueRx
 .text.USBD_CtlSendStatus
                0x000000000800c436       0x16 build/usbd_ioreq.o
                0x000000000800c436                USBD_CtlSendStatus
 .text.USBD_CtlReceiveStatus
                0x000000000800c44c       0x16 build/usbd_ioreq.o
                0x000000000800c44c                USBD_CtlReceiveStatus
 .text.CDC_DeInit_FS
                0x000000000800c462        0x4 build/usbd_cdc_if.o
 *fill*         0x000000000800c466        0x2 
 .text.CDC_Receive_FS
                0x000000000800c468       0x34 build/usbd_cdc_if.o
 .text.CDC_Init_FS
                0x000000000800c49c       0x28 build/usbd_cdc_if.o
 .text.CDC_Control_FS
                0x000000000800c4c4       0x48 build/usbd_cdc_if.o
 .text.CDC_Transmit_FS
                0x000000000800c50c       0x2c build/usbd_cdc_if.o
                0x000000000800c50c                CDC_Transmit_FS
 .text.USBD_Clock_Config
                0x000000000800c538       0x68 build/usb_device.o
                0x000000000800c538                USBD_Clock_Config
 .text.MX_USB_Device_Init
                0x000000000800c5a0       0x54 build/usb_device.o
                0x000000000800c5a0                MX_USB_Device_Init
 .text.HAL_PCD_MspInit
                0x000000000800c5f4       0x78 build/usbd_conf.o
                0x000000000800c5f4                HAL_PCD_MspInit
 .text.HAL_PCD_SetupStageCallback
                0x000000000800c66c        0xc build/usbd_conf.o
                0x000000000800c66c                HAL_PCD_SetupStageCallback
 .text.HAL_PCD_DataOutStageCallback
                0x000000000800c678       0x10 build/usbd_conf.o
                0x000000000800c678                HAL_PCD_DataOutStageCallback
 .text.HAL_PCD_DataInStageCallback
                0x000000000800c688        0xe build/usbd_conf.o
                0x000000000800c688                HAL_PCD_DataInStageCallback
 .text.HAL_PCD_SOFCallback
                0x000000000800c696        0x8 build/usbd_conf.o
                0x000000000800c696                HAL_PCD_SOFCallback
 .text.HAL_PCD_ResetCallback
                0x000000000800c69e       0x24 build/usbd_conf.o
                0x000000000800c69e                HAL_PCD_ResetCallback
 *fill*         0x000000000800c6c2        0x2 
 .text.HAL_PCD_SuspendCallback
                0x000000000800c6c4       0x20 build/usbd_conf.o
                0x000000000800c6c4                HAL_PCD_SuspendCallback
 .text.HAL_PCD_ResumeCallback
                0x000000000800c6e4       0x2c build/usbd_conf.o
                0x000000000800c6e4                HAL_PCD_ResumeCallback
 .text.USBD_LL_Init
                0x000000000800c710       0x7c build/usbd_conf.o
                0x000000000800c710                USBD_LL_Init
 .text.USBD_LL_Start
                0x000000000800c78c       0x1c build/usbd_conf.o
                0x000000000800c78c                USBD_LL_Start
 .text.USBD_LL_OpenEP
                0x000000000800c7a8       0x20 build/usbd_conf.o
                0x000000000800c7a8                USBD_LL_OpenEP
 .text.USBD_LL_CloseEP
                0x000000000800c7c8       0x1c build/usbd_conf.o
                0x000000000800c7c8                USBD_LL_CloseEP
 .text.USBD_LL_StallEP
                0x000000000800c7e4       0x1c build/usbd_conf.o
                0x000000000800c7e4                USBD_LL_StallEP
 .text.USBD_LL_ClearStallEP
                0x000000000800c800       0x1c build/usbd_conf.o
                0x000000000800c800                USBD_LL_ClearStallEP
 .text.USBD_LL_IsStallEP
                0x000000000800c81c       0x20 build/usbd_conf.o
                0x000000000800c81c                USBD_LL_IsStallEP
 .text.USBD_LL_SetUSBAddress
                0x000000000800c83c       0x1c build/usbd_conf.o
                0x000000000800c83c                USBD_LL_SetUSBAddress
 .text.USBD_LL_Transmit
                0x000000000800c858       0x1c build/usbd_conf.o
                0x000000000800c858                USBD_LL_Transmit
 .text.USBD_LL_PrepareReceive
                0x000000000800c874       0x1c build/usbd_conf.o
                0x000000000800c874                USBD_LL_PrepareReceive
 .text.USBD_LL_GetRxDataSize
                0x000000000800c890        0x8 build/usbd_conf.o
                0x000000000800c890                USBD_LL_GetRxDataSize
 .text.USBD_static_malloc
                0x000000000800c898        0x8 build/usbd_conf.o
                0x000000000800c898                USBD_static_malloc
 .text.USBD_static_free
                0x000000000800c8a0        0x2 build/usbd_conf.o
                0x000000000800c8a0                USBD_static_free
 *fill*         0x000000000800c8a2        0x2 
 .text.USBD_CDC_DeviceDescriptor
                0x000000000800c8a4        0xc build/usbd_desc.o
                0x000000000800c8a4                USBD_CDC_DeviceDescriptor
 .text.USBD_CDC_LangIDStrDescriptor
                0x000000000800c8b0        0xc build/usbd_desc.o
                0x000000000800c8b0                USBD_CDC_LangIDStrDescriptor
 .text.IntToUnicode
                0x000000000800c8bc       0x2a build/usbd_desc.o
 *fill*         0x000000000800c8e6        0x2 
 .text.USBD_CDC_SerialStrDescriptor
                0x000000000800c8e8       0x40 build/usbd_desc.o
                0x000000000800c8e8                USBD_CDC_SerialStrDescriptor
 .text.USBD_CDC_ManufacturerStrDescriptor
                0x000000000800c928       0x1c build/usbd_desc.o
                0x000000000800c928                USBD_CDC_ManufacturerStrDescriptor
 .text.USBD_CDC_ProductStrDescriptor
                0x000000000800c944       0x1c build/usbd_desc.o
                0x000000000800c944                USBD_CDC_ProductStrDescriptor
 .text.USBD_CDC_ConfigStrDescriptor
                0x000000000800c960       0x1c build/usbd_desc.o
                0x000000000800c960                USBD_CDC_ConfigStrDescriptor
 .text.USBD_CDC_InterfaceStrDescriptor
                0x000000000800c97c       0x1c build/usbd_desc.o
                0x000000000800c97c                USBD_CDC_InterfaceStrDescriptor
 .text.SEPIC_ConfigureCurrentIn
                0x000000000800c998       0x48 build/scpi-def.o
 .text.SEPIC_MeasureCurrentIn
                0x000000000800c9e0       0x20 build/scpi-def.o
 .text.SEPIC_MeasureVoltageOut
                0x000000000800ca00       0x20 build/scpi-def.o
 .text.SEPIC_MeasureVoltageIn
                0x000000000800ca20       0x20 build/scpi-def.o
 .text.SEPIC_ConfigureVoltageOut
                0x000000000800ca40       0x48 build/scpi-def.o
 .text.My_CoreTstQ
                0x000000000800ca88        0xc build/scpi-def.o
 .text.CONTROL_MeasureVoltageKnobs
                0x000000000800ca94       0x44 build/scpi-def.o
 .text.HF_ConfigureDeadtime
                0x000000000800cad8       0x98 build/scpi-def.o
 .text.HF_ConfigureFrequency
                0x000000000800cb70       0x98 build/scpi-def.o
 .text.SCPI_Write
                0x000000000800cc08       0x16 build/scpi-com.o
                0x000000000800cc08                SCPI_Write
 .text.SCPI_Flush
                0x000000000800cc1e        0x4 build/scpi-com.o
                0x000000000800cc1e                SCPI_Flush
 *fill*         0x000000000800cc22        0x2 
 .text.SCPI_Error
                0x000000000800cc24       0x30 build/scpi-com.o
                0x000000000800cc24                SCPI_Error
 .text.SCPI_Control
                0x000000000800cc54       0x38 build/scpi-com.o
                0x000000000800cc54                SCPI_Control
 .text.SCPI_Reset
                0x000000000800cc8c       0x20 build/scpi-com.o
                0x000000000800cc8c                SCPI_Reset
 .text.SCPI_ErrorEmit
                0x000000000800ccac       0x22 build/error.o
 .text.SCPI_ErrorInit
                0x000000000800ccce        0x6 build/error.o
                0x000000000800ccce                SCPI_ErrorInit
 .text.SCPI_ErrorCount
                0x000000000800ccd4       0x1c build/error.o
                0x000000000800ccd4                SCPI_ErrorCount
 .text.SCPI_ErrorEmitEmpty
                0x000000000800ccf0       0x3c build/error.o
 .text.SCPI_ErrorClear
                0x000000000800cd2c       0x14 build/error.o
                0x000000000800cd2c                SCPI_ErrorClear
 .text.SCPI_ErrorPop
                0x000000000800cd40       0x24 build/error.o
                0x000000000800cd40                SCPI_ErrorPop
 .text.SCPI_ErrorPushEx
                0x000000000800cd64       0x8c build/error.o
                0x000000000800cd64                SCPI_ErrorPushEx
 .text.SCPI_ErrorPush
                0x000000000800cdf0        0x8 build/error.o
                0x000000000800cdf0                SCPI_ErrorPush
 .text.SCPI_ErrorTranslate
                0x000000000800cdf8      0x10c build/error.o
                0x000000000800cdf8                SCPI_ErrorTranslate
 .text.fifo_init
                0x000000000800cf04        0xc build/fifo.o
                0x000000000800cf04                fifo_init
 .text.fifo_clear
                0x000000000800cf10        0x8 build/fifo.o
                0x000000000800cf10                fifo_clear
 .text.fifo_add
                0x000000000800cf18       0x38 build/fifo.o
                0x000000000800cf18                fifo_add
 .text.fifo_remove
                0x000000000800cf50       0x32 build/fifo.o
                0x000000000800cf50                fifo_remove
 .text.fifo_remove_last
                0x000000000800cf82       0x34 build/fifo.o
                0x000000000800cf82                fifo_remove_last
 .text.fifo_count
                0x000000000800cfb6        0xa build/fifo.o
                0x000000000800cfb6                fifo_count
 .text.SCPI_RegGet
                0x000000000800cfc0       0x12 build/ieee488.o
                0x000000000800cfc0                SCPI_RegGet
 .text.SCPI_RegClearBits
                0x000000000800cfd2       0x1c build/ieee488.o
                0x000000000800cfd2                SCPI_RegClearBits
 .text.regUpdateSTB
                0x000000000800cfee       0x2a build/ieee488.o
 .text.SCPI_RegSet
                0x000000000800d018       0xc6 build/ieee488.o
                0x000000000800d018                SCPI_RegSet
 .text.regUpdate
                0x000000000800d0de       0x18 build/ieee488.o
 .text.SCPI_RegSetBits
                0x000000000800d0f6       0x1a build/ieee488.o
                0x000000000800d0f6                SCPI_RegSetBits
 .text.SCPI_EventClear
                0x000000000800d110        0x8 build/ieee488.o
                0x000000000800d110                SCPI_EventClear
 .text.SCPI_CoreCls
                0x000000000800d118       0x26 build/ieee488.o
                0x000000000800d118                SCPI_CoreCls
 .text.SCPI_CoreEse
                0x000000000800d13e       0x26 build/ieee488.o
                0x000000000800d13e                SCPI_CoreEse
 .text.SCPI_CoreEseQ
                0x000000000800d164       0x14 build/ieee488.o
                0x000000000800d164                SCPI_CoreEseQ
 .text.SCPI_CoreEsrQ
                0x000000000800d178       0x22 build/ieee488.o
                0x000000000800d178                SCPI_CoreEsrQ
 *fill*         0x000000000800d19a        0x2 
 .text.SCPI_CoreIdnQ
                0x000000000800d19c       0x3c build/ieee488.o
                0x000000000800d19c                SCPI_CoreIdnQ
 .text.SCPI_CoreOpc
                0x000000000800d1d8        0xe build/ieee488.o
                0x000000000800d1d8                SCPI_CoreOpc
 .text.SCPI_CoreOpcQ
                0x000000000800d1e6        0xc build/ieee488.o
                0x000000000800d1e6                SCPI_CoreOpcQ
 .text.SCPI_CoreRst
                0x000000000800d1f2       0x10 build/ieee488.o
                0x000000000800d1f2                SCPI_CoreRst
 .text.SCPI_CoreSre
                0x000000000800d202       0x26 build/ieee488.o
                0x000000000800d202                SCPI_CoreSre
 .text.SCPI_CoreSreQ
                0x000000000800d228       0x14 build/ieee488.o
                0x000000000800d228                SCPI_CoreSreQ
 .text.SCPI_CoreStbQ
                0x000000000800d23c       0x14 build/ieee488.o
                0x000000000800d23c                SCPI_CoreStbQ
 .text.SCPI_CoreWai
                0x000000000800d250        0x4 build/ieee488.o
                0x000000000800d250                SCPI_CoreWai
 .text.iseos    0x000000000800d254       0x12 build/lexer.o
 .text.skipWs   0x000000000800d266       0x26 build/lexer.o
 .text.skipDigit
                0x000000000800d28c       0x28 build/lexer.o
 .text.skipNumbers
                0x000000000800d2b4       0x2c build/lexer.o
 .text.skipPlusmn
                0x000000000800d2e0       0x22 build/lexer.o
 *fill*         0x000000000800d302        0x2 
 .text.skipAlpha
                0x000000000800d304       0x2c build/lexer.o
 .text.skipChr  0x000000000800d330       0x1e build/lexer.o
 *fill*         0x000000000800d34e        0x2 
 .text.skipProgramMnemonic
                0x000000000800d350       0x44 build/lexer.o
 .text.skipQuoteProgramData
                0x000000000800d394       0x38 build/lexer.o
 .text.scpiLex_IsEos
                0x000000000800d3cc        0x4 build/lexer.o
                0x000000000800d3cc                scpiLex_IsEos
 .text.scpiLex_WhiteSpace
                0x000000000800d3d0       0x22 build/lexer.o
                0x000000000800d3d0                scpiLex_WhiteSpace
 .text.scpiLex_ProgramHeader
                0x000000000800d3f2       0xac build/lexer.o
                0x000000000800d3f2                scpiLex_ProgramHeader
 *fill*         0x000000000800d49e        0x2 
 .text.scpiLex_CharacterProgramData
                0x000000000800d4a0       0x4c build/lexer.o
                0x000000000800d4a0                scpiLex_CharacterProgramData
 .text.scpiLex_DecimalNumericProgramData
                0x000000000800d4ec       0x7e build/lexer.o
                0x000000000800d4ec                scpiLex_DecimalNumericProgramData
 .text.scpiLex_SuffixProgramData
                0x000000000800d56a       0x66 build/lexer.o
                0x000000000800d56a                scpiLex_SuffixProgramData
 .text.scpiLex_NondecimalNumericData
                0x000000000800d5d0       0xcc build/lexer.o
                0x000000000800d5d0                scpiLex_NondecimalNumericData
 .text.scpiLex_StringProgramData
                0x000000000800d69c       0x7c build/lexer.o
                0x000000000800d69c                scpiLex_StringProgramData
 .text.scpiLex_ArbitraryBlockProgramData
                0x000000000800d718       0xbc build/lexer.o
                0x000000000800d718                scpiLex_ArbitraryBlockProgramData
 .text.scpiLex_ProgramExpression
                0x000000000800d7d4       0x70 build/lexer.o
                0x000000000800d7d4                scpiLex_ProgramExpression
 .text.scpiLex_Comma
                0x000000000800d844       0x22 build/lexer.o
                0x000000000800d844                scpiLex_Comma
 .text.scpiLex_Semicolon
                0x000000000800d866       0x20 build/lexer.o
                0x000000000800d866                scpiLex_Semicolon
 .text.scpiLex_NewLine
                0x000000000800d886       0x3a build/lexer.o
                0x000000000800d886                scpiLex_NewLine
 .text.SCPI_StubQ
                0x000000000800d8c0        0xc build/minimal.o
                0x000000000800d8c0                SCPI_StubQ
 .text.SCPI_SystemVersionQ
                0x000000000800d8cc       0x14 build/minimal.o
                0x000000000800d8cc                SCPI_SystemVersionQ
 .text.SCPI_SystemErrorNextQ
                0x000000000800d8e0       0x18 build/minimal.o
                0x000000000800d8e0                SCPI_SystemErrorNextQ
 .text.SCPI_SystemErrorCountQ
                0x000000000800d8f8       0x14 build/minimal.o
                0x000000000800d8f8                SCPI_SystemErrorCountQ
 .text.SCPI_StatusQuestionableEventQ
                0x000000000800d90c       0x20 build/minimal.o
                0x000000000800d90c                SCPI_StatusQuestionableEventQ
 .text.SCPI_StatusQuestionableEnableQ
                0x000000000800d92c       0x16 build/minimal.o
                0x000000000800d92c                SCPI_StatusQuestionableEnableQ
 .text.SCPI_StatusQuestionableEnable
                0x000000000800d942       0x20 build/minimal.o
                0x000000000800d942                SCPI_StatusQuestionableEnable
 .text.SCPI_StatusPreset
                0x000000000800d962        0xe build/minimal.o
                0x000000000800d962                SCPI_StatusPreset
 .text.ParamSignToUInt32
                0x000000000800d970       0x68 build/parser.o
 .text.writeData.part.0
                0x000000000800d9d8        0x6 build/parser.o
 .text.writeData
                0x000000000800d9de        0xa build/parser.o
 .text.writeDelimiter
                0x000000000800d9e8       0x18 build/parser.o
 .text.resultUInt32BaseSign
                0x000000000800da00       0x5c build/parser.o
 .text.SCPI_Init
                0x000000000800da5c       0x66 build/parser.o
                0x000000000800da5c                SCPI_Init
 .text.SCPI_ResultCharacters
                0x000000000800dac2       0x24 build/parser.o
                0x000000000800dac2                SCPI_ResultCharacters
 .text.SCPI_ResultInt32
                0x000000000800dae6        0x8 build/parser.o
                0x000000000800dae6                SCPI_ResultInt32
 .text.SCPI_ResultDouble
                0x000000000800daee       0x2e build/parser.o
                0x000000000800daee                SCPI_ResultDouble
 .text.SCPI_ResultError
                0x000000000800db1c       0xb0 build/parser.o
                0x000000000800db1c                SCPI_ResultError
 .text.SCPI_ParamIsNumber
                0x000000000800dbcc       0x22 build/parser.o
                0x000000000800dbcc                SCPI_ParamIsNumber
 .text.SCPI_ParamToUInt32
                0x000000000800dbee        0x6 build/parser.o
                0x000000000800dbee                SCPI_ParamToUInt32
 .text.SCPI_ParamToFloat
                0x000000000800dbf4       0x4c build/parser.o
                0x000000000800dbf4                SCPI_ParamToFloat
 .text.scpiParser_parseProgramData
                0x000000000800dc40       0x9a build/parser.o
                0x000000000800dc40                scpiParser_parseProgramData
 *fill*         0x000000000800dcda        0x2 
 .text.SCPI_Parameter
                0x000000000800dcdc       0xa0 build/parser.o
                0x000000000800dcdc                SCPI_Parameter
 .text.SCPI_ParamFloat
                0x000000000800dd7c       0x5c build/parser.o
                0x000000000800dd7c                SCPI_ParamFloat
 .text.ParamSignUInt32
                0x000000000800ddd8       0x64 build/parser.o
 .text.SCPI_ParamInt32
                0x000000000800de3c        0x6 build/parser.o
                0x000000000800de3c                SCPI_ParamInt32
 .text.SCPI_ParamUInt32
                0x000000000800de42        0x6 build/parser.o
                0x000000000800de42                SCPI_ParamUInt32
 .text.scpiParser_parseAllProgramData
                0x000000000800de48       0x64 build/parser.o
                0x000000000800de48                scpiParser_parseAllProgramData
 .text.scpiParser_detectProgramMessageUnit
                0x000000000800deac       0xb0 build/parser.o
                0x000000000800deac                scpiParser_detectProgramMessageUnit
 .text.SCPI_Parse
                0x000000000800df5c      0x180 build/parser.o
                0x000000000800df5c                SCPI_Parse
 .text.SCPI_Input
                0x000000000800e0dc       0x9e build/parser.o
                0x000000000800e0dc                SCPI_Input
 *fill*         0x000000000800e17a        0x2 
 .text.patternSeparatorShortPos
                0x000000000800e17c       0x24 build/utils.o
 .text.strnpbrk
                0x000000000800e1a0       0x28 build/utils.o
                0x000000000800e1a0                strnpbrk
 .text.UInt32ToStrBaseSign
                0x000000000800e1c8       0xd0 build/utils.o
                0x000000000800e1c8                UInt32ToStrBaseSign
 .text.SCPI_DoubleToStr
                0x000000000800e298       0x20 build/utils.o
                0x000000000800e298                SCPI_DoubleToStr
 .text.strBaseToInt32
                0x000000000800e2b8       0x16 build/utils.o
                0x000000000800e2b8                strBaseToInt32
 .text.strBaseToUInt32
                0x000000000800e2ce       0x16 build/utils.o
                0x000000000800e2ce                strBaseToUInt32
 .text.strToFloat
                0x000000000800e2e4       0x18 build/utils.o
                0x000000000800e2e4                strToFloat
 .text.compareStr
                0x000000000800e2fc       0x1c build/utils.o
                0x000000000800e2fc                compareStr
 .text.compareStrAndNum
                0x000000000800e318       0x64 build/utils.o
                0x000000000800e318                compareStrAndNum
 .text.matchPattern
                0x000000000800e37c       0x6a build/utils.o
                0x000000000800e37c                matchPattern
 *fill*         0x000000000800e3e6        0x2 
 .text.matchCommand
                0x000000000800e3e8      0x224 build/utils.o
                0x000000000800e3e8                matchCommand
 .text.composeCompoundCommand
                0x000000000800e60c       0x54 build/utils.o
                0x000000000800e60c                composeCompoundCommand
 .text.SystemInit
                0x000000000800e660       0x1c build/system_stm32g4xx.o
                0x000000000800e660                SystemInit
 .text.Reset_Handler
                0x000000000800e67c       0x50 build/startup_stm32g474xx.o
                0x000000000800e67c                Reset_Handler
 .text.Default_Handler
                0x000000000800e6cc        0x2 build/startup_stm32g474xx.o
                0x000000000800e6cc                RTC_Alarm_IRQHandler
                0x000000000800e6cc                EXTI2_IRQHandler
                0x000000000800e6cc                TIM8_TRG_COM_IRQHandler
                0x000000000800e6cc                TIM8_CC_IRQHandler
                0x000000000800e6cc                HRTIM1_Master_IRQHandler
                0x000000000800e6cc                SPI4_IRQHandler
                0x000000000800e6cc                FDCAN3_IT0_IRQHandler
                0x000000000800e6cc                TIM1_CC_IRQHandler
                0x000000000800e6cc                HRTIM1_FLT_IRQHandler
                0x000000000800e6cc                HRTIM1_TIMF_IRQHandler
                0x000000000800e6cc                USB_HP_IRQHandler
                0x000000000800e6cc                CORDIC_IRQHandler
                0x000000000800e6cc                DMA2_Channel8_IRQHandler
                0x000000000800e6cc                EXTI3_IRQHandler
                0x000000000800e6cc                I2C3_ER_IRQHandler
                0x000000000800e6cc                EXTI0_IRQHandler
                0x000000000800e6cc                I2C2_EV_IRQHandler
                0x000000000800e6cc                FPU_IRQHandler
                0x000000000800e6cc                FDCAN1_IT1_IRQHandler
                0x000000000800e6cc                TIM1_UP_TIM16_IRQHandler
                0x000000000800e6cc                ADC1_2_IRQHandler
                0x000000000800e6cc                HRTIM1_TIME_IRQHandler
                0x000000000800e6cc                SPI1_IRQHandler
                0x000000000800e6cc                TIM6_DAC_IRQHandler
                0x000000000800e6cc                HRTIM1_TIMC_IRQHandler
                0x000000000800e6cc                TIM8_UP_IRQHandler
                0x000000000800e6cc                DMA2_Channel2_IRQHandler
                0x000000000800e6cc                DMA1_Channel4_IRQHandler
                0x000000000800e6cc                TIM20_TRG_COM_IRQHandler
                0x000000000800e6cc                USART3_IRQHandler
                0x000000000800e6cc                DMA1_Channel7_IRQHandler
                0x000000000800e6cc                UART5_IRQHandler
                0x000000000800e6cc                ADC3_IRQHandler
                0x000000000800e6cc                TIM4_IRQHandler
                0x000000000800e6cc                DMA2_Channel1_IRQHandler
                0x000000000800e6cc                QUADSPI_IRQHandler
                0x000000000800e6cc                I2C1_EV_IRQHandler
                0x000000000800e6cc                DMA1_Channel6_IRQHandler
                0x000000000800e6cc                UART4_IRQHandler
                0x000000000800e6cc                DMA2_Channel4_IRQHandler
                0x000000000800e6cc                TIM3_IRQHandler
                0x000000000800e6cc                RCC_IRQHandler
                0x000000000800e6cc                TIM20_UP_IRQHandler
                0x000000000800e6cc                Default_Handler
                0x000000000800e6cc                DMA2_Channel7_IRQHandler
                0x000000000800e6cc                RTC_TAMP_LSECSS_IRQHandler
                0x000000000800e6cc                FMAC_IRQHandler
                0x000000000800e6cc                EXTI15_10_IRQHandler
                0x000000000800e6cc                DMA1_Channel8_IRQHandler
                0x000000000800e6cc                HRTIM1_TIMA_IRQHandler
                0x000000000800e6cc                TIM7_DAC_IRQHandler
                0x000000000800e6cc                FDCAN3_IT1_IRQHandler
                0x000000000800e6cc                TIM5_IRQHandler
                0x000000000800e6cc                UCPD1_IRQHandler
                0x000000000800e6cc                I2C3_EV_IRQHandler
                0x000000000800e6cc                EXTI9_5_IRQHandler
                0x000000000800e6cc                RTC_WKUP_IRQHandler
                0x000000000800e6cc                PVD_PVM_IRQHandler
                0x000000000800e6cc                SPI2_IRQHandler
                0x000000000800e6cc                ADC5_IRQHandler
                0x000000000800e6cc                DMA2_Channel5_IRQHandler
                0x000000000800e6cc                CRS_IRQHandler
                0x000000000800e6cc                DMA1_Channel5_IRQHandler
                0x000000000800e6cc                EXTI4_IRQHandler
                0x000000000800e6cc                RNG_IRQHandler
                0x000000000800e6cc                HRTIM1_TIMB_IRQHandler
                0x000000000800e6cc                TIM1_TRG_COM_TIM17_IRQHandler
                0x000000000800e6cc                FDCAN2_IT1_IRQHandler
                0x000000000800e6cc                DMA1_Channel3_IRQHandler
                0x000000000800e6cc                ADC4_IRQHandler
                0x000000000800e6cc                WWDG_IRQHandler
                0x000000000800e6cc                I2C4_EV_IRQHandler
                0x000000000800e6cc                FDCAN2_IT0_IRQHandler
                0x000000000800e6cc                LPUART1_IRQHandler
                0x000000000800e6cc                DMA2_Channel6_IRQHandler
                0x000000000800e6cc                FDCAN1_IT0_IRQHandler
                0x000000000800e6cc                TIM2_IRQHandler
                0x000000000800e6cc                COMP7_IRQHandler
                0x000000000800e6cc                COMP1_2_3_IRQHandler
                0x000000000800e6cc                EXTI1_IRQHandler
                0x000000000800e6cc                USART2_IRQHandler
                0x000000000800e6cc                COMP4_5_6_IRQHandler
                0x000000000800e6cc                TIM20_BRK_IRQHandler
                0x000000000800e6cc                I2C2_ER_IRQHandler
                0x000000000800e6cc                DMA1_Channel2_IRQHandler
                0x000000000800e6cc                TIM8_BRK_IRQHandler
                0x000000000800e6cc                FLASH_IRQHandler
                0x000000000800e6cc                TIM20_CC_IRQHandler
                0x000000000800e6cc                USART1_IRQHandler
                0x000000000800e6cc                SPI3_IRQHandler
                0x000000000800e6cc                I2C1_ER_IRQHandler
                0x000000000800e6cc                FMC_IRQHandler
                0x000000000800e6cc                LPTIM1_IRQHandler
                0x000000000800e6cc                DMAMUX_OVR_IRQHandler
                0x000000000800e6cc                I2C4_ER_IRQHandler
                0x000000000800e6cc                USBWakeUp_IRQHandler
                0x000000000800e6cc                SAI1_IRQHandler
                0x000000000800e6cc                DMA2_Channel3_IRQHandler
                0x000000000800e6cc                TIM1_BRK_TIM15_IRQHandler
 *(.glue_7)
 .glue_7        0x000000000800e6ce        0x0 linker stubs
 *(.glue_7t)
 .glue_7t       0x000000000800e6ce        0x0 linker stubs
 *(.eh_frame)
 *fill*         0x000000000800e6ce        0x2 
 .eh_frame      0x000000000800e6d0        0x0 /usr/lib/gcc/arm-none-eabi/9.2.1/thumb/v7e-m+fp/hard/crtbegin.o
 *(.init)
 .init          0x000000000800e6d0        0x4 /usr/lib/gcc/arm-none-eabi/9.2.1/thumb/v7e-m+fp/hard/crti.o
                0x000000000800e6d0                _init
 .init          0x000000000800e6d4        0x8 /usr/lib/gcc/arm-none-eabi/9.2.1/thumb/v7e-m+fp/hard/crtn.o
 *(.fini)
 .fini          0x000000000800e6dc        0x4 /usr/lib/gcc/arm-none-eabi/9.2.1/thumb/v7e-m+fp/hard/crti.o
                0x000000000800e6dc                _fini
 .fini          0x000000000800e6e0        0x8 /usr/lib/gcc/arm-none-eabi/9.2.1/thumb/v7e-m+fp/hard/crtn.o
                0x000000000800e6e8                . = ALIGN (0x4)
                0x000000000800e6e8                _etext = .

.vfp11_veneer   0x000000000800e6e8        0x0
 .vfp11_veneer  0x000000000800e6e8        0x0 linker stubs

.v4_bx          0x000000000800e6e8        0x0
 .v4_bx         0x000000000800e6e8        0x0 linker stubs

.iplt           0x000000000800e6e8        0x0
 .iplt          0x000000000800e6e8        0x0 /usr/lib/gcc/arm-none-eabi/9.2.1/thumb/v7e-m+fp/hard/crtbegin.o

.rodata         0x000000000800e6e8      0xe20
                0x000000000800e6e8                . = ALIGN (0x4)
 *(.rodata)
 .rodata        0x000000000800e6e8      0x101 /usr/lib/gcc/arm-none-eabi/9.2.1/../../../arm-none-eabi/lib/thumb/v7e-m+fp/hard/libc_nano.a(lib_a-ctype_.o)
                0x000000000800e6e8                _ctype_
 *fill*         0x000000000800e7e9        0x3 
 .rodata        0x000000000800e7ec        0x4 /usr/lib/gcc/arm-none-eabi/9.2.1/../../../arm-none-eabi/lib/thumb/v7e-m+fp/hard/libc_nano.a(lib_a-impure.o)
                0x000000000800e7ec                _global_impure_ptr
 .rodata        0x000000000800e7f0       0x50 /usr/lib/gcc/arm-none-eabi/9.2.1/../../../arm-none-eabi/lib/thumb/v7e-m+fp/hard/libc_nano.a(lib_a-strtod.o)
 .rodata        0x000000000800e840      0x100 /usr/lib/gcc/arm-none-eabi/9.2.1/../../../arm-none-eabi/lib/thumb/v7e-m+fp/hard/libc_nano.a(lib_a-gdtoa-gethex.o)
                0x000000000800e840                __hexdig
 .rodata        0x000000000800e940        0xc /usr/lib/gcc/arm-none-eabi/9.2.1/../../../arm-none-eabi/lib/thumb/v7e-m+fp/hard/libc_nano.a(lib_a-lnumeric.o)
                0x000000000800e940                _C_numeric_locale
 *fill*         0x000000000800e94c        0x4 
 .rodata        0x000000000800e950      0x128 /usr/lib/gcc/arm-none-eabi/9.2.1/../../../arm-none-eabi/lib/thumb/v7e-m+fp/hard/libc_nano.a(lib_a-mprec.o)
                0x000000000800e960                __mprec_tens
                0x000000000800ea28                __mprec_tinytens
                0x000000000800ea50                __mprec_bigtens
 .rodata        0x000000000800ea78       0x60 /usr/lib/gcc/arm-none-eabi/9.2.1/../../../arm-none-eabi/lib/thumb/v7e-m+fp/hard/libc_nano.a(lib_a-findfp.o)
                0x000000000800ea78                __sf_fake_stderr
                0x000000000800ea98                __sf_fake_stdout
                0x000000000800eab8                __sf_fake_stdin
 *(.rodata*)
 .rodata.main.str1.1
                0x000000000800ead8       0x22 build/main.o
 .rodata.REG_OFFSET_TAB_TIMER
                0x000000000800eafa        0xe build/main.o
 .rodata.CSWTCH.4
                0x000000000800eb08        0x4 build/usbd_conf.o
 .rodata.USBD_CDC_ManufacturerStrDescriptor.str1.1
                0x000000000800eb0c       0x11 build/usbd_desc.o
 .rodata.USBD_CDC_ProductStrDescriptor.str1.1
                0x000000000800eb1d       0x1c build/usbd_desc.o
 .rodata.USBD_CDC_ConfigStrDescriptor.str1.1
                0x000000000800eb39        0xb build/usbd_desc.o
 .rodata.USBD_CDC_InterfaceStrDescriptor.str1.1
                0x000000000800eb44        0xe build/usbd_desc.o
 .rodata.str1.1
                0x000000000800eb52      0x223 build/scpi-def.o
 *fill*         0x000000000800ed75        0x1 
 .rodata.REG_OFFSET_TAB_TIMER
                0x000000000800ed76        0xe build/scpi-def.o
 .rodata.scpi_commands
                0x000000000800ed84      0x198 build/scpi-def.o
                0x000000000800ed84                scpi_commands
 .rodata.SCPI_Error.str1.1
                0x000000000800ef1c       0x14 build/scpi-com.o
 .rodata.SCPI_Control.str1.1
                0x000000000800ef30       0x2c build/scpi-com.o
 .rodata.SCPI_Reset.str1.1
                0x000000000800ef5c        0xa build/scpi-com.o
 .rodata.SCPI_ErrorTranslate.str1.1
                0x000000000800ef66      0x124 build/error.o
 .rodata.errs   0x000000000800f08a       0x36 build/error.o
 .rodata.SCPI_CoreIdnQ.str1.1
                0x000000000800f0c0      0x124 build/ieee488.o
                                          0x2 (size before relaxing)
 .rodata.SCPI_SystemVersionQ.str1.1
                0x000000000800f0c0        0x7 build/minimal.o
 .rodata.writeDelimiter.str1.1
                0x000000000800f0c7        0x2 build/parser.o
 .rodata.SCPI_ResultText.str1.1
                0x000000000800f0c9        0x2 build/parser.o
 .rodata.SCPI_Parse.str1.1
                0x000000000800f0cb        0x2 build/parser.o
                                          0x5 (size before relaxing)
 .rodata.str1.1
                0x000000000800f0cd       0x10 build/parser.o
 *fill*         0x000000000800f0dd        0x3 
 .rodata.CSWTCH.24
                0x000000000800f0e0       0x3c build/parser.o
 .rodata.str1.1
                0x000000000800f11c       0x77 build/units.o
                                         0x8b (size before relaxing)
 *fill*         0x000000000800f193        0x5 
 .rodata.scpi_units_def
                0x000000000800f198      0x1b0 build/units.o
                0x000000000800f198                scpi_units_def
 .rodata.UInt32ToStrBaseSign.str1.1
                0x000000000800f348       0x11 build/utils.o
 .rodata.SCPI_DoubleToStr.str1.1
                0x000000000800f359        0x7 build/utils.o
 .rodata.matchCommand.str1.1
                0x000000000800f360        0x8 build/utils.o
 .rodata.AHBPrescTable
                0x000000000800f368       0x10 build/system_stm32g4xx.o
                0x000000000800f368                AHBPrescTable
 .rodata.str1.4
                0x000000000800f378       0x12 /usr/lib/gcc/arm-none-eabi/9.2.1/../../../arm-none-eabi/lib/thumb/v7e-m+fp/hard/libc_nano.a(lib_a-nano-vfprintf_float.o)
 *fill*         0x000000000800f38a        0x2 
 .rodata.str1.4
                0x000000000800f38c       0x25 /usr/lib/gcc/arm-none-eabi/9.2.1/../../../arm-none-eabi/lib/thumb/v7e-m+fp/hard/libc_nano.a(lib_a-nano-vfprintf_i.o)
 *fill*         0x000000000800f3b1        0x3 
 .rodata.str1.4
                0x000000000800f3b4        0xf /usr/lib/gcc/arm-none-eabi/9.2.1/../../../arm-none-eabi/lib/thumb/v7e-m+fp/hard/libc_nano.a(lib_a-strtod.o)
                                         0x11 (size before relaxing)
 *fill*         0x000000000800f3c3        0x1 
 .rodata.str1.4
                0x000000000800f3c4       0x6d /usr/lib/gcc/arm-none-eabi/9.2.1/../../../arm-none-eabi/lib/thumb/v7e-m+fp/hard/libc_nano.a(lib_a-dtoa.o)
                                         0x71 (size before relaxing)
 *fill*         0x000000000800f431        0x3 
 .rodata.str1.4
                0x000000000800f434       0x3a /usr/lib/gcc/arm-none-eabi/9.2.1/../../../arm-none-eabi/lib/thumb/v7e-m+fp/hard/libc_nano.a(lib_a-gdtoa-gethex.o)
                                         0x4e (size before relaxing)
 *fill*         0x000000000800f46e        0x2 
 .rodata.str1.4
                0x000000000800f470        0x2 /usr/lib/gcc/arm-none-eabi/9.2.1/../../../arm-none-eabi/lib/thumb/v7e-m+fp/hard/libc_nano.a(lib_a-lnumeric.o)
                                          0x5 (size before relaxing)
 *fill*         0x000000000800f472        0x2 
 .rodata.str1.4
                0x000000000800f474        0xa /usr/lib/gcc/arm-none-eabi/9.2.1/../../../arm-none-eabi/lib/thumb/v7e-m+fp/hard/libc_nano.a(lib_a-locale.o)
                                         0x12 (size before relaxing)
 *fill*         0x000000000800f47e        0x2 
 .rodata.str1.4
                0x000000000800f480       0x33 /usr/lib/gcc/arm-none-eabi/9.2.1/../../../arm-none-eabi/lib/thumb/v7e-m+fp/hard/libc_nano.a(lib_a-mprec.o)
                                         0x5d (size before relaxing)
 *fill*         0x000000000800f4b3        0x1 
 .rodata.str1.4
                0x000000000800f4b4       0x13 /usr/lib/gcc/arm-none-eabi/9.2.1/../../../arm-none-eabi/lib/thumb/v7e-m+fp/hard/libc_nano.a(lib_a-nano-svfprintf.o)
 *fill*         0x000000000800f4c7        0x1 
 .rodata.str1.4
                0x000000000800f4c8       0x3f /usr/lib/gcc/arm-none-eabi/9.2.1/../../../arm-none-eabi/lib/thumb/v7e-m+fp/hard/libc_nano.a(lib_a-assert.o)
                                         0x43 (size before relaxing)
 .rodata.str1.4
                0x000000000800f507       0x13 /usr/lib/gcc/arm-none-eabi/9.2.1/../../../arm-none-eabi/lib/thumb/v7e-m+fp/hard/libc_nano.a(lib_a-nano-vfprintf.o)
                0x000000000800f51c                . = ALIGN (0x4)
 *fill*         0x000000000800f507        0x1 

.rel.dyn        0x000000000800f508        0x0
 .rel.iplt      0x000000000800f508        0x0 /usr/lib/gcc/arm-none-eabi/9.2.1/thumb/v7e-m+fp/hard/crtbegin.o

.ARM.extab
 *(.ARM.extab* .gnu.linkonce.armextab.*)

.ARM            0x000000000800f508        0x0
                0x000000000800f508                __exidx_start = .
 *(.ARM.exidx*)
                0x000000000800f508                __exidx_end = .
